running egg_info
creating ../../build/pkg_helloworld_py/pkg_helloworld_py.egg-info
writing ../../build/pkg_helloworld_py/pkg_helloworld_py.egg-info/PKG-INFO
writing dependency_links to ../../build/pkg_helloworld_py/pkg_helloworld_py.egg-info/dependency_links.txt
writing entry points to ../../build/pkg_helloworld_py/pkg_helloworld_py.egg-info/entry_points.txt
writing requirements to ../../build/pkg_helloworld_py/pkg_helloworld_py.egg-info/requires.txt
writing top-level names to ../../build/pkg_helloworld_py/pkg_helloworld_py.egg-info/top_level.txt
writing manifest file '../../build/pkg_helloworld_py/pkg_helloworld_py.egg-info/SOURCES.txt'
reading manifest file '../../build/pkg_helloworld_py/pkg_helloworld_py.egg-info/SOURCES.txt'
writing manifest file '../../build/pkg_helloworld_py/pkg_helloworld_py.egg-info/SOURCES.txt'
running build
running build_py
creating /home/lich/ROS2/ros2_learning_python/build/pkg_helloworld_py/build
creating /home/lich/ROS2/ros2_learning_python/build/pkg_helloworld_py/build/lib
creating /home/lich/ROS2/ros2_learning_python/build/pkg_helloworld_py/build/lib/pkg_helloworld_py
copying pkg_helloworld_py/node_helloworld_py.py -> /home/lich/ROS2/ros2_learning_python/build/pkg_helloworld_py/build/lib/pkg_helloworld_py
copying pkg_helloworld_py/__init__.py -> /home/lich/ROS2/ros2_learning_python/build/pkg_helloworld_py/build/lib/pkg_helloworld_py
running install
running install_lib
creating /home/lich/ROS2/ros2_learning_python/install/pkg_helloworld_py/lib/python3.10/site-packages/pkg_helloworld_py
copying /home/lich/ROS2/ros2_learning_python/build/pkg_helloworld_py/build/lib/pkg_helloworld_py/node_helloworld_py.py -> /home/lich/ROS2/ros2_learning_python/install/pkg_helloworld_py/lib/python3.10/site-packages/pkg_helloworld_py
copying /home/lich/ROS2/ros2_learning_python/build/pkg_helloworld_py/build/lib/pkg_helloworld_py/__init__.py -> /home/lich/ROS2/ros2_learning_python/install/pkg_helloworld_py/lib/python3.10/site-packages/pkg_helloworld_py
byte-compiling /home/lich/ROS2/ros2_learning_python/install/pkg_helloworld_py/lib/python3.10/site-packages/pkg_helloworld_py/node_helloworld_py.py to node_helloworld_py.cpython-310.pyc
byte-compiling /home/lich/ROS2/ros2_learning_python/install/pkg_helloworld_py/lib/python3.10/site-packages/pkg_helloworld_py/__init__.py to __init__.cpython-310.pyc
running install_data
creating /home/lich/ROS2/ros2_learning_python/install/pkg_helloworld_py/share/ament_index
creating /home/lich/ROS2/ros2_learning_python/install/pkg_helloworld_py/share/ament_index/resource_index
creating /home/lich/ROS2/ros2_learning_python/install/pkg_helloworld_py/share/ament_index/resource_index/packages
copying resource/pkg_helloworld_py -> /home/lich/ROS2/ros2_learning_python/install/pkg_helloworld_py/share/ament_index/resource_index/packages
copying package.xml -> /home/lich/ROS2/ros2_learning_python/install/pkg_helloworld_py/share/pkg_helloworld_py
running install_egg_info
Copying ../../build/pkg_helloworld_py/pkg_helloworld_py.egg-info to /home/lich/ROS2/ros2_learning_python/install/pkg_helloworld_py/lib/python3.10/site-packages/pkg_helloworld_py-0.0.0-py3.10.egg-info
running install_scripts
Installing node_helloworld_py script to /home/lich/ROS2/ros2_learning_python/install/pkg_helloworld_py/lib/pkg_helloworld_py
writing list of installed files to '/home/lich/ROS2/ros2_learning_python/build/pkg_helloworld_py/install.log'
