[0.165s] DEBUG:colcon:Command line arguments: ['/usr/bin/colcon', 'build']
[0.166s] DEBUG:colcon:Parsed command line arguments: Namespace(log_base=None, log_level=None, verb_name='build', build_base='build', install_base='install', merge_install=False, symlink_install=False, test_result_base=None, continue_on_error=False, executor='parallel', parallel_workers=6, event_handlers=None, ignore_user_meta=False, metas=['./colcon.meta'], base_paths=['.'], packages_ignore=None, packages_ignore_regex=None, paths=None, packages_up_to=None, packages_up_to_regex=None, packages_above=None, packages_above_and_dependencies=None, packages_above_depth=None, packages_select_by_dep=None, packages_skip_by_dep=None, packages_skip_up_to=None, packages_select_build_failed=False, packages_skip_build_finished=False, packages_select_test_failures=False, packages_skip_test_passed=False, packages_select=None, packages_skip=None, packages_select_regex=None, packages_skip_regex=None, packages_start=None, packages_end=None, allow_overriding=[], cmake_args=None, cmake_target=None, cmake_target_skip_unavailable=False, cmake_clean_cache=False, cmake_clean_first=False, cmake_force_configure=False, ament_cmake_args=None, catkin_cmake_args=None, catkin_skip_building_tests=False, verb_parser=<colcon_defaults.argument_parser.defaults.DefaultArgumentsDecorator object at 0x70a37481b160>, verb_extension=<colcon_core.verb.build.BuildVerb object at 0x70a374964880>, main=<bound method BuildVerb.main of <colcon_core.verb.build.BuildVerb object at 0x70a374964880>>)
[0.381s] Level 1:colcon.colcon_core.package_discovery:discover_packages(colcon_meta) check parameters
[0.381s] Level 1:colcon.colcon_core.package_discovery:discover_packages(recursive) check parameters
[0.381s] Level 1:colcon.colcon_core.package_discovery:discover_packages(ignore) check parameters
[0.382s] Level 1:colcon.colcon_core.package_discovery:discover_packages(path) check parameters
[0.382s] Level 1:colcon.colcon_core.package_discovery:discover_packages(colcon_meta) discover
[0.382s] Level 1:colcon.colcon_core.package_discovery:discover_packages(recursive) discover
[0.382s] INFO:colcon.colcon_core.package_discovery:Crawling recursively for packages in '/home/lich/ROS2/ros2_learning_plumbing'
[0.382s] Level 1:colcon.colcon_core.package_identification:_identify(.) by extensions ['ignore', 'ignore_ament_install']
[0.382s] Level 1:colcon.colcon_core.package_identification:_identify(.) by extension 'ignore'
[0.382s] Level 1:colcon.colcon_core.package_identification:_identify(.) by extension 'ignore_ament_install'
[0.382s] Level 1:colcon.colcon_core.package_identification:_identify(.) by extensions ['colcon_pkg']
[0.382s] Level 1:colcon.colcon_core.package_identification:_identify(.) by extension 'colcon_pkg'
[0.382s] Level 1:colcon.colcon_core.package_identification:_identify(.) by extensions ['colcon_meta']
[0.382s] Level 1:colcon.colcon_core.package_identification:_identify(.) by extension 'colcon_meta'
[0.382s] Level 1:colcon.colcon_core.package_identification:_identify(.) by extensions ['ros']
[0.382s] Level 1:colcon.colcon_core.package_identification:_identify(.) by extension 'ros'
[0.397s] Level 1:colcon.colcon_core.package_identification:_identify(.) by extensions ['cmake', 'python']
[0.398s] Level 1:colcon.colcon_core.package_identification:_identify(.) by extension 'cmake'
[0.398s] Level 1:colcon.colcon_core.package_identification:_identify(.) by extension 'python'
[0.398s] Level 1:colcon.colcon_core.package_identification:_identify(.) by extensions ['python_setup_py']
[0.398s] Level 1:colcon.colcon_core.package_identification:_identify(.) by extension 'python_setup_py'
[0.398s] Level 1:colcon.colcon_core.package_identification:_identify(build) by extensions ['ignore', 'ignore_ament_install']
[0.398s] Level 1:colcon.colcon_core.package_identification:_identify(build) by extension 'ignore'
[0.398s] Level 1:colcon.colcon_core.package_identification:_identify(build) ignored
[0.398s] Level 1:colcon.colcon_core.package_identification:_identify(install) by extensions ['ignore', 'ignore_ament_install']
[0.399s] Level 1:colcon.colcon_core.package_identification:_identify(install) by extension 'ignore'
[0.399s] Level 1:colcon.colcon_core.package_identification:_identify(install) ignored
[0.399s] Level 1:colcon.colcon_core.package_identification:_identify(log) by extensions ['ignore', 'ignore_ament_install']
[0.399s] Level 1:colcon.colcon_core.package_identification:_identify(log) by extension 'ignore'
[0.399s] Level 1:colcon.colcon_core.package_identification:_identify(log) ignored
[0.399s] Level 1:colcon.colcon_core.package_identification:_identify(src) by extensions ['ignore', 'ignore_ament_install']
[0.399s] Level 1:colcon.colcon_core.package_identification:_identify(src) by extension 'ignore'
[0.399s] Level 1:colcon.colcon_core.package_identification:_identify(src) by extension 'ignore_ament_install'
[0.400s] Level 1:colcon.colcon_core.package_identification:_identify(src) by extensions ['colcon_pkg']
[0.400s] Level 1:colcon.colcon_core.package_identification:_identify(src) by extension 'colcon_pkg'
[0.400s] Level 1:colcon.colcon_core.package_identification:_identify(src) by extensions ['colcon_meta']
[0.400s] Level 1:colcon.colcon_core.package_identification:_identify(src) by extension 'colcon_meta'
[0.400s] Level 1:colcon.colcon_core.package_identification:_identify(src) by extensions ['ros']
[0.400s] Level 1:colcon.colcon_core.package_identification:_identify(src) by extension 'ros'
[0.400s] Level 1:colcon.colcon_core.package_identification:_identify(src) by extensions ['cmake', 'python']
[0.400s] Level 1:colcon.colcon_core.package_identification:_identify(src) by extension 'cmake'
[0.400s] Level 1:colcon.colcon_core.package_identification:_identify(src) by extension 'python'
[0.400s] Level 1:colcon.colcon_core.package_identification:_identify(src) by extensions ['python_setup_py']
[0.400s] Level 1:colcon.colcon_core.package_identification:_identify(src) by extension 'python_setup_py'
[0.400s] Level 1:colcon.colcon_core.package_identification:_identify(src/base_interfaces_demo) by extensions ['ignore', 'ignore_ament_install']
[0.401s] Level 1:colcon.colcon_core.package_identification:_identify(src/base_interfaces_demo) by extension 'ignore'
[0.401s] Level 1:colcon.colcon_core.package_identification:_identify(src/base_interfaces_demo) by extension 'ignore_ament_install'
[0.401s] Level 1:colcon.colcon_core.package_identification:_identify(src/base_interfaces_demo) by extensions ['colcon_pkg']
[0.401s] Level 1:colcon.colcon_core.package_identification:_identify(src/base_interfaces_demo) by extension 'colcon_pkg'
[0.401s] Level 1:colcon.colcon_core.package_identification:_identify(src/base_interfaces_demo) by extensions ['colcon_meta']
[0.401s] Level 1:colcon.colcon_core.package_identification:_identify(src/base_interfaces_demo) by extension 'colcon_meta'
[0.401s] Level 1:colcon.colcon_core.package_identification:_identify(src/base_interfaces_demo) by extensions ['ros']
[0.401s] Level 1:colcon.colcon_core.package_identification:_identify(src/base_interfaces_demo) by extension 'ros'
[0.405s] DEBUG:colcon.colcon_core.package_identification:Package 'src/base_interfaces_demo' with type 'ros.ament_cmake' and name 'base_interfaces_demo'
[0.405s] Level 1:colcon.colcon_core.package_identification:_identify(src/topic_cpp) by extensions ['ignore', 'ignore_ament_install']
[0.405s] Level 1:colcon.colcon_core.package_identification:_identify(src/topic_cpp) by extension 'ignore'
[0.405s] Level 1:colcon.colcon_core.package_identification:_identify(src/topic_cpp) by extension 'ignore_ament_install'
[0.405s] Level 1:colcon.colcon_core.package_identification:_identify(src/topic_cpp) by extensions ['colcon_pkg']
[0.406s] Level 1:colcon.colcon_core.package_identification:_identify(src/topic_cpp) by extension 'colcon_pkg'
[0.406s] Level 1:colcon.colcon_core.package_identification:_identify(src/topic_cpp) by extensions ['colcon_meta']
[0.406s] Level 1:colcon.colcon_core.package_identification:_identify(src/topic_cpp) by extension 'colcon_meta'
[0.406s] Level 1:colcon.colcon_core.package_identification:_identify(src/topic_cpp) by extensions ['ros']
[0.406s] Level 1:colcon.colcon_core.package_identification:_identify(src/topic_cpp) by extension 'ros'
[0.407s] DEBUG:colcon.colcon_core.package_identification:Package 'src/topic_cpp' with type 'ros.ament_cmake' and name 'topic_cpp'
[0.407s] Level 1:colcon.colcon_core.package_identification:_identify(src/topic_py) by extensions ['ignore', 'ignore_ament_install']
[0.407s] Level 1:colcon.colcon_core.package_identification:_identify(src/topic_py) by extension 'ignore'
[0.407s] Level 1:colcon.colcon_core.package_identification:_identify(src/topic_py) by extension 'ignore_ament_install'
[0.407s] Level 1:colcon.colcon_core.package_identification:_identify(src/topic_py) by extensions ['colcon_pkg']
[0.407s] Level 1:colcon.colcon_core.package_identification:_identify(src/topic_py) by extension 'colcon_pkg'
[0.407s] Level 1:colcon.colcon_core.package_identification:_identify(src/topic_py) by extensions ['colcon_meta']
[0.407s] Level 1:colcon.colcon_core.package_identification:_identify(src/topic_py) by extension 'colcon_meta'
[0.407s] Level 1:colcon.colcon_core.package_identification:_identify(src/topic_py) by extensions ['ros']
[0.408s] Level 1:colcon.colcon_core.package_identification:_identify(src/topic_py) by extension 'ros'
[0.409s] DEBUG:colcon.colcon_core.package_identification:Package 'src/topic_py' with type 'ros.ament_python' and name 'topic_py'
[0.409s] Level 1:colcon.colcon_core.package_discovery:discover_packages(recursive) using defaults
[0.409s] Level 1:colcon.colcon_core.package_discovery:discover_packages(ignore) discover
[0.409s] Level 1:colcon.colcon_core.package_discovery:discover_packages(ignore) using defaults
[0.409s] Level 1:colcon.colcon_core.package_discovery:discover_packages(path) discover
[0.409s] Level 1:colcon.colcon_core.package_discovery:discover_packages(path) using defaults
[0.437s] Level 1:colcon.colcon_core.package_discovery:discover_packages(prefix_path) check parameters
[0.437s] Level 1:colcon.colcon_core.package_discovery:discover_packages(prefix_path) discover
[0.440s] DEBUG:colcon.colcon_installed_package_information.package_discovery:Found 3 installed packages in /home/lich/ROS2/ros2_learning_plumbing/install
[0.442s] DEBUG:colcon.colcon_installed_package_information.package_discovery:Found 273 installed packages in /opt/ros/humble
[0.446s] Level 1:colcon.colcon_core.package_discovery:discover_packages(prefix_path) using defaults
[0.515s] Level 5:colcon.colcon_core.verb:set package 'base_interfaces_demo' build argument 'cmake_args' from command line to 'None'
[0.516s] Level 5:colcon.colcon_core.verb:set package 'base_interfaces_demo' build argument 'cmake_target' from command line to 'None'
[0.516s] Level 5:colcon.colcon_core.verb:set package 'base_interfaces_demo' build argument 'cmake_target_skip_unavailable' from command line to 'False'
[0.516s] Level 5:colcon.colcon_core.verb:set package 'base_interfaces_demo' build argument 'cmake_clean_cache' from command line to 'False'
[0.516s] Level 5:colcon.colcon_core.verb:set package 'base_interfaces_demo' build argument 'cmake_clean_first' from command line to 'False'
[0.516s] Level 5:colcon.colcon_core.verb:set package 'base_interfaces_demo' build argument 'cmake_force_configure' from command line to 'False'
[0.516s] Level 5:colcon.colcon_core.verb:set package 'base_interfaces_demo' build argument 'ament_cmake_args' from command line to 'None'
[0.516s] Level 5:colcon.colcon_core.verb:set package 'base_interfaces_demo' build argument 'catkin_cmake_args' from command line to 'None'
[0.516s] Level 5:colcon.colcon_core.verb:set package 'base_interfaces_demo' build argument 'catkin_skip_building_tests' from command line to 'False'
[0.516s] DEBUG:colcon.colcon_core.verb:Building package 'base_interfaces_demo' with the following arguments: {'ament_cmake_args': None, 'build_base': '/home/lich/ROS2/ros2_learning_plumbing/build/base_interfaces_demo', 'catkin_cmake_args': None, 'catkin_skip_building_tests': False, 'cmake_args': None, 'cmake_clean_cache': False, 'cmake_clean_first': False, 'cmake_force_configure': False, 'cmake_target': None, 'cmake_target_skip_unavailable': False, 'install_base': '/home/lich/ROS2/ros2_learning_plumbing/install/base_interfaces_demo', 'merge_install': False, 'path': '/home/lich/ROS2/ros2_learning_plumbing/src/base_interfaces_demo', 'symlink_install': False, 'test_result_base': None}
[0.517s] Level 5:colcon.colcon_core.verb:set package 'topic_cpp' build argument 'cmake_args' from command line to 'None'
[0.517s] Level 5:colcon.colcon_core.verb:set package 'topic_cpp' build argument 'cmake_target' from command line to 'None'
[0.517s] Level 5:colcon.colcon_core.verb:set package 'topic_cpp' build argument 'cmake_target_skip_unavailable' from command line to 'False'
[0.517s] Level 5:colcon.colcon_core.verb:set package 'topic_cpp' build argument 'cmake_clean_cache' from command line to 'False'
[0.517s] Level 5:colcon.colcon_core.verb:set package 'topic_cpp' build argument 'cmake_clean_first' from command line to 'False'
[0.517s] Level 5:colcon.colcon_core.verb:set package 'topic_cpp' build argument 'cmake_force_configure' from command line to 'False'
[0.517s] Level 5:colcon.colcon_core.verb:set package 'topic_cpp' build argument 'ament_cmake_args' from command line to 'None'
[0.517s] Level 5:colcon.colcon_core.verb:set package 'topic_cpp' build argument 'catkin_cmake_args' from command line to 'None'
[0.517s] Level 5:colcon.colcon_core.verb:set package 'topic_cpp' build argument 'catkin_skip_building_tests' from command line to 'False'
[0.517s] DEBUG:colcon.colcon_core.verb:Building package 'topic_cpp' with the following arguments: {'ament_cmake_args': None, 'build_base': '/home/lich/ROS2/ros2_learning_plumbing/build/topic_cpp', 'catkin_cmake_args': None, 'catkin_skip_building_tests': False, 'cmake_args': None, 'cmake_clean_cache': False, 'cmake_clean_first': False, 'cmake_force_configure': False, 'cmake_target': None, 'cmake_target_skip_unavailable': False, 'install_base': '/home/lich/ROS2/ros2_learning_plumbing/install/topic_cpp', 'merge_install': False, 'path': '/home/lich/ROS2/ros2_learning_plumbing/src/topic_cpp', 'symlink_install': False, 'test_result_base': None}
[0.517s] Level 5:colcon.colcon_core.verb:set package 'topic_py' build argument 'cmake_args' from command line to 'None'
[0.517s] Level 5:colcon.colcon_core.verb:set package 'topic_py' build argument 'cmake_target' from command line to 'None'
[0.518s] Level 5:colcon.colcon_core.verb:set package 'topic_py' build argument 'cmake_target_skip_unavailable' from command line to 'False'
[0.518s] Level 5:colcon.colcon_core.verb:set package 'topic_py' build argument 'cmake_clean_cache' from command line to 'False'
[0.518s] Level 5:colcon.colcon_core.verb:set package 'topic_py' build argument 'cmake_clean_first' from command line to 'False'
[0.518s] Level 5:colcon.colcon_core.verb:set package 'topic_py' build argument 'cmake_force_configure' from command line to 'False'
[0.518s] Level 5:colcon.colcon_core.verb:set package 'topic_py' build argument 'ament_cmake_args' from command line to 'None'
[0.518s] Level 5:colcon.colcon_core.verb:set package 'topic_py' build argument 'catkin_cmake_args' from command line to 'None'
[0.518s] Level 5:colcon.colcon_core.verb:set package 'topic_py' build argument 'catkin_skip_building_tests' from command line to 'False'
[0.518s] DEBUG:colcon.colcon_core.verb:Building package 'topic_py' with the following arguments: {'ament_cmake_args': None, 'build_base': '/home/lich/ROS2/ros2_learning_plumbing/build/topic_py', 'catkin_cmake_args': None, 'catkin_skip_building_tests': False, 'cmake_args': None, 'cmake_clean_cache': False, 'cmake_clean_first': False, 'cmake_force_configure': False, 'cmake_target': None, 'cmake_target_skip_unavailable': False, 'install_base': '/home/lich/ROS2/ros2_learning_plumbing/install/topic_py', 'merge_install': False, 'path': '/home/lich/ROS2/ros2_learning_plumbing/src/topic_py', 'symlink_install': False, 'test_result_base': None}
[0.518s] INFO:colcon.colcon_core.executor:Executing jobs using 'parallel' executor
[0.519s] DEBUG:colcon.colcon_parallel_executor.executor.parallel:run_until_complete
[0.520s] INFO:colcon.colcon_ros.task.ament_cmake.build:Building ROS package in '/home/lich/ROS2/ros2_learning_plumbing/src/base_interfaces_demo' with build type 'ament_cmake'
[0.520s] INFO:colcon.colcon_cmake.task.cmake.build:Building CMake package in '/home/lich/ROS2/ros2_learning_plumbing/src/base_interfaces_demo'
[0.524s] INFO:colcon.colcon_core.plugin_system:Skipping extension 'colcon_core.shell.bat': Not used on non-Windows systems
[0.524s] INFO:colcon.colcon_core.shell:Skip shell extension 'powershell' for command environment: Not usable outside of PowerShell
[0.524s] DEBUG:colcon.colcon_core.shell:Skip shell extension 'dsv' for command environment
[0.545s] DEBUG:colcon.colcon_core.event_handler.log_command:Invoking command in '/home/lich/ROS2/ros2_learning_plumbing/build/base_interfaces_demo': CMAKE_PREFIX_PATH=${CMAKE_PREFIX_PATH}:/home/lich/ROS2/ros2_learning_plumbing/install/topic_py:/opt/ros/humble /usr/bin/cmake --build /home/lich/ROS2/ros2_learning_plumbing/build/base_interfaces_demo -- -j6 -l6
[0.611s] DEBUG:colcon.colcon_core.event_handler.log_command:Invoked command in '/home/lich/ROS2/ros2_learning_plumbing/build/base_interfaces_demo' returned '0': CMAKE_PREFIX_PATH=${CMAKE_PREFIX_PATH}:/home/lich/ROS2/ros2_learning_plumbing/install/topic_py:/opt/ros/humble /usr/bin/cmake --build /home/lich/ROS2/ros2_learning_plumbing/build/base_interfaces_demo -- -j6 -l6
[0.631s] DEBUG:colcon.colcon_core.event_handler.log_command:Invoking command in '/home/lich/ROS2/ros2_learning_plumbing/build/base_interfaces_demo': CMAKE_PREFIX_PATH=${CMAKE_PREFIX_PATH}:/home/lich/ROS2/ros2_learning_plumbing/install/topic_py:/opt/ros/humble /usr/bin/cmake --install /home/lich/ROS2/ros2_learning_plumbing/build/base_interfaces_demo
[0.655s] Level 1:colcon.colcon_core.environment:create_environment_scripts_only(base_interfaces_demo)
[0.656s] DEBUG:colcon.colcon_core.event_handler.log_command:Invoked command in '/home/lich/ROS2/ros2_learning_plumbing/build/base_interfaces_demo' returned '0': CMAKE_PREFIX_PATH=${CMAKE_PREFIX_PATH}:/home/lich/ROS2/ros2_learning_plumbing/install/topic_py:/opt/ros/humble /usr/bin/cmake --install /home/lich/ROS2/ros2_learning_plumbing/build/base_interfaces_demo
[0.659s] Level 1:colcon.colcon_core.environment:checking '/home/lich/ROS2/ros2_learning_plumbing/install/base_interfaces_demo' for CMake module files
[0.660s] Level 1:colcon.colcon_core.environment:checking '/home/lich/ROS2/ros2_learning_plumbing/install/base_interfaces_demo' for CMake config files
[0.660s] Level 1:colcon.colcon_core.shell:create_environment_hook('base_interfaces_demo', 'cmake_prefix_path')
[0.660s] INFO:colcon.colcon_core.shell:Creating environment hook '/home/lich/ROS2/ros2_learning_plumbing/install/base_interfaces_demo/share/base_interfaces_demo/hook/cmake_prefix_path.ps1'
[0.662s] INFO:colcon.colcon_core.shell:Creating environment descriptor '/home/lich/ROS2/ros2_learning_plumbing/install/base_interfaces_demo/share/base_interfaces_demo/hook/cmake_prefix_path.dsv'
[0.662s] INFO:colcon.colcon_core.shell:Creating environment hook '/home/lich/ROS2/ros2_learning_plumbing/install/base_interfaces_demo/share/base_interfaces_demo/hook/cmake_prefix_path.sh'
[0.664s] Level 1:colcon.colcon_core.environment:checking '/home/lich/ROS2/ros2_learning_plumbing/install/base_interfaces_demo/bin'
[0.664s] Level 1:colcon.colcon_core.environment:checking '/home/lich/ROS2/ros2_learning_plumbing/install/base_interfaces_demo/lib/pkgconfig/base_interfaces_demo.pc'
[0.664s] Level 1:colcon.colcon_core.environment:checking '/home/lich/ROS2/ros2_learning_plumbing/install/base_interfaces_demo/lib/python3.10/site-packages'
[0.665s] Level 1:colcon.colcon_core.environment:checking '/home/lich/ROS2/ros2_learning_plumbing/install/base_interfaces_demo/bin'
[0.665s] INFO:colcon.colcon_core.shell:Creating package script '/home/lich/ROS2/ros2_learning_plumbing/install/base_interfaces_demo/share/base_interfaces_demo/package.ps1'
[0.667s] INFO:colcon.colcon_core.shell:Creating package descriptor '/home/lich/ROS2/ros2_learning_plumbing/install/base_interfaces_demo/share/base_interfaces_demo/package.dsv'
[0.667s] INFO:colcon.colcon_core.shell:Creating package script '/home/lich/ROS2/ros2_learning_plumbing/install/base_interfaces_demo/share/base_interfaces_demo/package.sh'
[0.669s] INFO:colcon.colcon_core.shell:Creating package script '/home/lich/ROS2/ros2_learning_plumbing/install/base_interfaces_demo/share/base_interfaces_demo/package.bash'
[0.670s] INFO:colcon.colcon_core.shell:Creating package script '/home/lich/ROS2/ros2_learning_plumbing/install/base_interfaces_demo/share/base_interfaces_demo/package.zsh'
[0.671s] Level 1:colcon.colcon_core.environment:create_file_with_runtime_dependencies(/home/lich/ROS2/ros2_learning_plumbing/install/base_interfaces_demo/share/colcon-core/packages/base_interfaces_demo)
[0.672s] Level 1:colcon.colcon_core.environment:create_environment_scripts_only(base_interfaces_demo)
[0.672s] Level 1:colcon.colcon_core.environment:checking '/home/lich/ROS2/ros2_learning_plumbing/install/base_interfaces_demo' for CMake module files
[0.673s] Level 1:colcon.colcon_core.environment:checking '/home/lich/ROS2/ros2_learning_plumbing/install/base_interfaces_demo' for CMake config files
[0.673s] Level 1:colcon.colcon_core.shell:create_environment_hook('base_interfaces_demo', 'cmake_prefix_path')
[0.673s] INFO:colcon.colcon_core.shell:Creating environment hook '/home/lich/ROS2/ros2_learning_plumbing/install/base_interfaces_demo/share/base_interfaces_demo/hook/cmake_prefix_path.ps1'
[0.674s] INFO:colcon.colcon_core.shell:Creating environment descriptor '/home/lich/ROS2/ros2_learning_plumbing/install/base_interfaces_demo/share/base_interfaces_demo/hook/cmake_prefix_path.dsv'
[0.675s] INFO:colcon.colcon_core.shell:Creating environment hook '/home/lich/ROS2/ros2_learning_plumbing/install/base_interfaces_demo/share/base_interfaces_demo/hook/cmake_prefix_path.sh'
[0.676s] Level 1:colcon.colcon_core.environment:checking '/home/lich/ROS2/ros2_learning_plumbing/install/base_interfaces_demo/bin'
[0.676s] Level 1:colcon.colcon_core.environment:checking '/home/lich/ROS2/ros2_learning_plumbing/install/base_interfaces_demo/lib/pkgconfig/base_interfaces_demo.pc'
[0.676s] Level 1:colcon.colcon_core.environment:checking '/home/lich/ROS2/ros2_learning_plumbing/install/base_interfaces_demo/lib/python3.10/site-packages'
[0.677s] Level 1:colcon.colcon_core.environment:checking '/home/lich/ROS2/ros2_learning_plumbing/install/base_interfaces_demo/bin'
[0.677s] INFO:colcon.colcon_core.shell:Creating package script '/home/lich/ROS2/ros2_learning_plumbing/install/base_interfaces_demo/share/base_interfaces_demo/package.ps1'
[0.678s] INFO:colcon.colcon_core.shell:Creating package descriptor '/home/lich/ROS2/ros2_learning_plumbing/install/base_interfaces_demo/share/base_interfaces_demo/package.dsv'
[0.678s] INFO:colcon.colcon_core.shell:Creating package script '/home/lich/ROS2/ros2_learning_plumbing/install/base_interfaces_demo/share/base_interfaces_demo/package.sh'
[0.679s] INFO:colcon.colcon_core.shell:Creating package script '/home/lich/ROS2/ros2_learning_plumbing/install/base_interfaces_demo/share/base_interfaces_demo/package.bash'
[0.680s] INFO:colcon.colcon_core.shell:Creating package script '/home/lich/ROS2/ros2_learning_plumbing/install/base_interfaces_demo/share/base_interfaces_demo/package.zsh'
[0.681s] Level 1:colcon.colcon_core.environment:create_file_with_runtime_dependencies(/home/lich/ROS2/ros2_learning_plumbing/install/base_interfaces_demo/share/colcon-core/packages/base_interfaces_demo)
[0.681s] INFO:colcon.colcon_ros.task.ament_cmake.build:Building ROS package in '/home/lich/ROS2/ros2_learning_plumbing/src/topic_cpp' with build type 'ament_cmake'
[0.681s] INFO:colcon.colcon_cmake.task.cmake.build:Building CMake package in '/home/lich/ROS2/ros2_learning_plumbing/src/topic_cpp'
[0.682s] INFO:colcon.colcon_core.shell:Skip shell extension 'powershell' for command environment: Not usable outside of PowerShell
[0.682s] DEBUG:colcon.colcon_core.shell:Skip shell extension 'dsv' for command environment
[0.689s] INFO:colcon.colcon_ros.task.ament_python.build:Building ROS package in '/home/lich/ROS2/ros2_learning_plumbing/src/topic_py' with build type 'ament_python'
[0.690s] Level 1:colcon.colcon_core.shell:create_environment_hook('topic_py', 'ament_prefix_path')
[0.690s] INFO:colcon.colcon_core.shell:Creating environment hook '/home/lich/ROS2/ros2_learning_plumbing/install/topic_py/share/topic_py/hook/ament_prefix_path.ps1'
[0.691s] INFO:colcon.colcon_core.shell:Creating environment descriptor '/home/lich/ROS2/ros2_learning_plumbing/install/topic_py/share/topic_py/hook/ament_prefix_path.dsv'
[0.692s] INFO:colcon.colcon_core.shell:Creating environment hook '/home/lich/ROS2/ros2_learning_plumbing/install/topic_py/share/topic_py/hook/ament_prefix_path.sh'
[0.693s] INFO:colcon.colcon_core.shell:Skip shell extension 'powershell' for command environment: Not usable outside of PowerShell
[0.693s] DEBUG:colcon.colcon_core.shell:Skip shell extension 'dsv' for command environment
[0.709s] DEBUG:colcon.colcon_core.event_handler.log_command:Invoking command in '/home/lich/ROS2/ros2_learning_plumbing/build/topic_cpp': CMAKE_PREFIX_PATH=/home/lich/ROS2/ros2_learning_plumbing/install/base_interfaces_demo:/home/lich/ROS2/ros2_learning_plumbing/install/topic_cpp:/home/lich/ROS2/ros2_learning_plumbing/install/topic_py:/opt/ros/humble /usr/bin/cmake --build /home/lich/ROS2/ros2_learning_plumbing/build/topic_cpp -- -j6 -l6
[1.048s] INFO:colcon.colcon_core.task.python.build:Building Python package in '/home/lich/ROS2/ros2_learning_plumbing/src/topic_py'
[1.049s] INFO:colcon.colcon_core.shell:Skip shell extension 'powershell' for command environment: Not usable outside of PowerShell
[1.049s] DEBUG:colcon.colcon_core.shell:Skip shell extension 'dsv' for command environment
[1.490s] DEBUG:colcon.colcon_core.task.python.build:Available setuptools commands: alias, install_data, bdist_egg, upload, check, bdist, rotate, install_lib, register, egg_info, build_ext, symlink_data, bdist_dumb, clean, easy_install, dist_info, install, sdist, install_scripts, build_py, build_clib, saveopts, install_headers, bdist_rpm, build_scripts, upload_docs, build, test, install_egg_info, develop, setopt
[1.498s] DEBUG:colcon.colcon_core.event_handler.log_command:Invoking command in '/home/lich/ROS2/ros2_learning_plumbing/src/topic_py': CMAKE_PREFIX_PATH=/home/lich/ROS2/ros2_learning_plumbing/install/base_interfaces_demo:/home/lich/ROS2/ros2_learning_plumbing/install/topic_cpp PYTHONPATH=/home/lich/ROS2/ros2_learning_plumbing/build/topic_py/prefix_override:/usr/lib/python3/dist-packages/colcon_core/task/python/colcon_distutils_commands:/home/lich/ROS2/ros2_learning_plumbing/install/topic_py/lib/python3.10/site-packages:${PYTHONPATH} /usr/bin/python3 -W ignore:setup.py install is deprecated -W ignore:easy_install command is deprecated setup.py egg_info --egg-base ../../build/topic_py build --build-base /home/lich/ROS2/ros2_learning_plumbing/build/topic_py/build install --record /home/lich/ROS2/ros2_learning_plumbing/build/topic_py/install.log --install-scripts $base/lib/topic_py --single-version-externally-managed install_data
[1.878s] Level 1:colcon.colcon_core.environment:checking '/home/lich/ROS2/ros2_learning_plumbing/install/topic_py' for CMake module files
[1.879s] DEBUG:colcon.colcon_core.event_handler.log_command:Invoked command in '/home/lich/ROS2/ros2_learning_plumbing/src/topic_py' returned '0': CMAKE_PREFIX_PATH=/home/lich/ROS2/ros2_learning_plumbing/install/base_interfaces_demo:/home/lich/ROS2/ros2_learning_plumbing/install/topic_cpp PYTHONPATH=/home/lich/ROS2/ros2_learning_plumbing/build/topic_py/prefix_override:/usr/lib/python3/dist-packages/colcon_core/task/python/colcon_distutils_commands:/home/lich/ROS2/ros2_learning_plumbing/install/topic_py/lib/python3.10/site-packages:${PYTHONPATH} /usr/bin/python3 -W ignore:setup.py install is deprecated -W ignore:easy_install command is deprecated setup.py egg_info --egg-base ../../build/topic_py build --build-base /home/lich/ROS2/ros2_learning_plumbing/build/topic_py/build install --record /home/lich/ROS2/ros2_learning_plumbing/build/topic_py/install.log --install-scripts $base/lib/topic_py --single-version-externally-managed install_data
[1.880s] Level 1:colcon.colcon_core.environment:checking '/home/lich/ROS2/ros2_learning_plumbing/install/topic_py' for CMake config files
[1.881s] Level 1:colcon.colcon_core.environment:checking '/home/lich/ROS2/ros2_learning_plumbing/install/topic_py/lib'
[1.881s] Level 1:colcon.colcon_core.environment:checking '/home/lich/ROS2/ros2_learning_plumbing/install/topic_py/bin'
[1.882s] Level 1:colcon.colcon_core.environment:checking '/home/lich/ROS2/ros2_learning_plumbing/install/topic_py/lib/pkgconfig/topic_py.pc'
[1.882s] Level 1:colcon.colcon_core.environment:checking '/home/lich/ROS2/ros2_learning_plumbing/install/topic_py/lib/python3.10/site-packages'
[1.882s] Level 1:colcon.colcon_core.shell:create_environment_hook('topic_py', 'pythonpath')
[1.883s] INFO:colcon.colcon_core.shell:Creating environment hook '/home/lich/ROS2/ros2_learning_plumbing/install/topic_py/share/topic_py/hook/pythonpath.ps1'
[1.884s] INFO:colcon.colcon_core.shell:Creating environment descriptor '/home/lich/ROS2/ros2_learning_plumbing/install/topic_py/share/topic_py/hook/pythonpath.dsv'
[1.884s] INFO:colcon.colcon_core.shell:Creating environment hook '/home/lich/ROS2/ros2_learning_plumbing/install/topic_py/share/topic_py/hook/pythonpath.sh'
[1.886s] Level 1:colcon.colcon_core.environment:checking '/home/lich/ROS2/ros2_learning_plumbing/install/topic_py/bin'
[1.886s] Level 1:colcon.colcon_core.environment:create_environment_scripts_only(topic_py)
[1.886s] INFO:colcon.colcon_core.shell:Creating package script '/home/lich/ROS2/ros2_learning_plumbing/install/topic_py/share/topic_py/package.ps1'
[1.888s] INFO:colcon.colcon_core.shell:Creating package descriptor '/home/lich/ROS2/ros2_learning_plumbing/install/topic_py/share/topic_py/package.dsv'
[1.888s] INFO:colcon.colcon_core.shell:Creating package script '/home/lich/ROS2/ros2_learning_plumbing/install/topic_py/share/topic_py/package.sh'
[1.889s] INFO:colcon.colcon_core.shell:Creating package script '/home/lich/ROS2/ros2_learning_plumbing/install/topic_py/share/topic_py/package.bash'
[1.890s] INFO:colcon.colcon_core.shell:Creating package script '/home/lich/ROS2/ros2_learning_plumbing/install/topic_py/share/topic_py/package.zsh'
[1.891s] Level 1:colcon.colcon_core.environment:create_file_with_runtime_dependencies(/home/lich/ROS2/ros2_learning_plumbing/install/topic_py/share/colcon-core/packages/topic_py)
[15.585s] DEBUG:colcon.colcon_core.event_handler.log_command:Invoked command in '/home/lich/ROS2/ros2_learning_plumbing/build/topic_cpp' returned '0': CMAKE_PREFIX_PATH=/home/lich/ROS2/ros2_learning_plumbing/install/base_interfaces_demo:/home/lich/ROS2/ros2_learning_plumbing/install/topic_cpp:/home/lich/ROS2/ros2_learning_plumbing/install/topic_py:/opt/ros/humble /usr/bin/cmake --build /home/lich/ROS2/ros2_learning_plumbing/build/topic_cpp -- -j6 -l6
[15.590s] DEBUG:colcon.colcon_core.event_handler.log_command:Invoking command in '/home/lich/ROS2/ros2_learning_plumbing/build/topic_cpp': CMAKE_PREFIX_PATH=/home/lich/ROS2/ros2_learning_plumbing/install/base_interfaces_demo:/home/lich/ROS2/ros2_learning_plumbing/install/topic_cpp:/home/lich/ROS2/ros2_learning_plumbing/install/topic_py:/opt/ros/humble /usr/bin/cmake --install /home/lich/ROS2/ros2_learning_plumbing/build/topic_cpp
[15.616s] Level 1:colcon.colcon_core.environment:create_environment_scripts_only(topic_cpp)
[15.617s] Level 1:colcon.colcon_core.environment:checking '/home/lich/ROS2/ros2_learning_plumbing/install/topic_cpp' for CMake module files
[15.617s] DEBUG:colcon.colcon_core.event_handler.log_command:Invoked command in '/home/lich/ROS2/ros2_learning_plumbing/build/topic_cpp' returned '0': CMAKE_PREFIX_PATH=/home/lich/ROS2/ros2_learning_plumbing/install/base_interfaces_demo:/home/lich/ROS2/ros2_learning_plumbing/install/topic_cpp:/home/lich/ROS2/ros2_learning_plumbing/install/topic_py:/opt/ros/humble /usr/bin/cmake --install /home/lich/ROS2/ros2_learning_plumbing/build/topic_cpp
[15.618s] Level 1:colcon.colcon_core.environment:checking '/home/lich/ROS2/ros2_learning_plumbing/install/topic_cpp' for CMake config files
[15.618s] Level 1:colcon.colcon_core.shell:create_environment_hook('topic_cpp', 'cmake_prefix_path')
[15.619s] INFO:colcon.colcon_core.shell:Creating environment hook '/home/lich/ROS2/ros2_learning_plumbing/install/topic_cpp/share/topic_cpp/hook/cmake_prefix_path.ps1'
[15.620s] INFO:colcon.colcon_core.shell:Creating environment descriptor '/home/lich/ROS2/ros2_learning_plumbing/install/topic_cpp/share/topic_cpp/hook/cmake_prefix_path.dsv'
[15.620s] INFO:colcon.colcon_core.shell:Creating environment hook '/home/lich/ROS2/ros2_learning_plumbing/install/topic_cpp/share/topic_cpp/hook/cmake_prefix_path.sh'
[15.621s] Level 1:colcon.colcon_core.environment:checking '/home/lich/ROS2/ros2_learning_plumbing/install/topic_cpp/lib'
[15.621s] Level 1:colcon.colcon_core.environment:checking '/home/lich/ROS2/ros2_learning_plumbing/install/topic_cpp/bin'
[15.622s] Level 1:colcon.colcon_core.environment:checking '/home/lich/ROS2/ros2_learning_plumbing/install/topic_cpp/lib/pkgconfig/topic_cpp.pc'
[15.622s] Level 1:colcon.colcon_core.environment:checking '/home/lich/ROS2/ros2_learning_plumbing/install/topic_cpp/lib/python3.10/site-packages'
[15.622s] Level 1:colcon.colcon_core.environment:checking '/home/lich/ROS2/ros2_learning_plumbing/install/topic_cpp/bin'
[15.623s] INFO:colcon.colcon_core.shell:Creating package script '/home/lich/ROS2/ros2_learning_plumbing/install/topic_cpp/share/topic_cpp/package.ps1'
[15.624s] INFO:colcon.colcon_core.shell:Creating package descriptor '/home/lich/ROS2/ros2_learning_plumbing/install/topic_cpp/share/topic_cpp/package.dsv'
[15.625s] INFO:colcon.colcon_core.shell:Creating package script '/home/lich/ROS2/ros2_learning_plumbing/install/topic_cpp/share/topic_cpp/package.sh'
[15.626s] INFO:colcon.colcon_core.shell:Creating package script '/home/lich/ROS2/ros2_learning_plumbing/install/topic_cpp/share/topic_cpp/package.bash'
[15.627s] INFO:colcon.colcon_core.shell:Creating package script '/home/lich/ROS2/ros2_learning_plumbing/install/topic_cpp/share/topic_cpp/package.zsh'
[15.627s] Level 1:colcon.colcon_core.environment:create_file_with_runtime_dependencies(/home/lich/ROS2/ros2_learning_plumbing/install/topic_cpp/share/colcon-core/packages/topic_cpp)
[15.628s] Level 1:colcon.colcon_core.environment:create_environment_scripts_only(topic_cpp)
[15.629s] Level 1:colcon.colcon_core.environment:checking '/home/lich/ROS2/ros2_learning_plumbing/install/topic_cpp' for CMake module files
[15.629s] Level 1:colcon.colcon_core.environment:checking '/home/lich/ROS2/ros2_learning_plumbing/install/topic_cpp' for CMake config files
[15.630s] Level 1:colcon.colcon_core.shell:create_environment_hook('topic_cpp', 'cmake_prefix_path')
[15.630s] INFO:colcon.colcon_core.shell:Creating environment hook '/home/lich/ROS2/ros2_learning_plumbing/install/topic_cpp/share/topic_cpp/hook/cmake_prefix_path.ps1'
[15.631s] INFO:colcon.colcon_core.shell:Creating environment descriptor '/home/lich/ROS2/ros2_learning_plumbing/install/topic_cpp/share/topic_cpp/hook/cmake_prefix_path.dsv'
[15.631s] INFO:colcon.colcon_core.shell:Creating environment hook '/home/lich/ROS2/ros2_learning_plumbing/install/topic_cpp/share/topic_cpp/hook/cmake_prefix_path.sh'
[15.632s] Level 1:colcon.colcon_core.environment:checking '/home/lich/ROS2/ros2_learning_plumbing/install/topic_cpp/lib'
[15.633s] Level 1:colcon.colcon_core.environment:checking '/home/lich/ROS2/ros2_learning_plumbing/install/topic_cpp/bin'
[15.633s] Level 1:colcon.colcon_core.environment:checking '/home/lich/ROS2/ros2_learning_plumbing/install/topic_cpp/lib/pkgconfig/topic_cpp.pc'
[15.633s] Level 1:colcon.colcon_core.environment:checking '/home/lich/ROS2/ros2_learning_plumbing/install/topic_cpp/lib/python3.10/site-packages'
[15.634s] Level 1:colcon.colcon_core.environment:checking '/home/lich/ROS2/ros2_learning_plumbing/install/topic_cpp/bin'
[15.634s] INFO:colcon.colcon_core.shell:Creating package script '/home/lich/ROS2/ros2_learning_plumbing/install/topic_cpp/share/topic_cpp/package.ps1'
[15.635s] INFO:colcon.colcon_core.shell:Creating package descriptor '/home/lich/ROS2/ros2_learning_plumbing/install/topic_cpp/share/topic_cpp/package.dsv'
[15.636s] INFO:colcon.colcon_core.shell:Creating package script '/home/lich/ROS2/ros2_learning_plumbing/install/topic_cpp/share/topic_cpp/package.sh'
[15.637s] INFO:colcon.colcon_core.shell:Creating package script '/home/lich/ROS2/ros2_learning_plumbing/install/topic_cpp/share/topic_cpp/package.bash'
[15.638s] INFO:colcon.colcon_core.shell:Creating package script '/home/lich/ROS2/ros2_learning_plumbing/install/topic_cpp/share/topic_cpp/package.zsh'
[15.639s] Level 1:colcon.colcon_core.environment:create_file_with_runtime_dependencies(/home/lich/ROS2/ros2_learning_plumbing/install/topic_cpp/share/colcon-core/packages/topic_cpp)
[15.639s] DEBUG:colcon.colcon_parallel_executor.executor.parallel:closing loop
[15.640s] DEBUG:colcon.colcon_parallel_executor.executor.parallel:loop closed
[15.640s] DEBUG:colcon.colcon_parallel_executor.executor.parallel:run_until_complete finished with '0'
[15.640s] DEBUG:colcon.colcon_core.event_reactor:joining thread
[15.641s] DEBUG:colcon.colcon_core.event_reactor:joined thread
[15.642s] INFO:colcon.colcon_core.shell:Creating prefix script '/home/lich/ROS2/ros2_learning_plumbing/install/local_setup.ps1'
[15.644s] INFO:colcon.colcon_core.shell:Creating prefix util module '/home/lich/ROS2/ros2_learning_plumbing/install/_local_setup_util_ps1.py'
[15.645s] INFO:colcon.colcon_core.shell:Creating prefix chain script '/home/lich/ROS2/ros2_learning_plumbing/install/setup.ps1'
[15.647s] INFO:colcon.colcon_core.shell:Creating prefix script '/home/lich/ROS2/ros2_learning_plumbing/install/local_setup.sh'
[15.648s] INFO:colcon.colcon_core.shell:Creating prefix util module '/home/lich/ROS2/ros2_learning_plumbing/install/_local_setup_util_sh.py'
[15.649s] INFO:colcon.colcon_core.shell:Creating prefix chain script '/home/lich/ROS2/ros2_learning_plumbing/install/setup.sh'
[15.650s] INFO:colcon.colcon_core.shell:Creating prefix script '/home/lich/ROS2/ros2_learning_plumbing/install/local_setup.bash'
[15.651s] INFO:colcon.colcon_core.shell:Creating prefix chain script '/home/lich/ROS2/ros2_learning_plumbing/install/setup.bash'
[15.653s] INFO:colcon.colcon_core.shell:Creating prefix script '/home/lich/ROS2/ros2_learning_plumbing/install/local_setup.zsh'
[15.654s] INFO:colcon.colcon_core.shell:Creating prefix chain script '/home/lich/ROS2/ros2_learning_plumbing/install/setup.zsh'
