[0.809s] Invoking command in '/home/lich/ROS2/ros2_learning_plumbing/src/topic_py': CMAKE_PREFIX_PATH=/home/lich/ROS2/ros2_learning_plumbing/install/base_interfaces_demo:/home/lich/ROS2/ros2_learning_plumbing/install/topic_cpp PYTHONPATH=/home/lich/ROS2/ros2_learning_plumbing/build/topic_py/prefix_override:/usr/lib/python3/dist-packages/colcon_core/task/python/colcon_distutils_commands:/home/lich/ROS2/ros2_learning_plumbing/install/topic_py/lib/python3.10/site-packages:${PYTHONPATH} /usr/bin/python3 -W ignore:setup.py install is deprecated -W ignore:easy_install command is deprecated setup.py egg_info --egg-base ../../build/topic_py build --build-base /home/lich/ROS2/ros2_learning_plumbing/build/topic_py/build install --record /home/lich/ROS2/ros2_learning_plumbing/build/topic_py/install.log --install-scripts $base/lib/topic_py --single-version-externally-managed install_data
[1.117s] running egg_info
[1.118s] writing ../../build/topic_py/topic_py.egg-info/PKG-INFO
[1.118s] writing dependency_links to ../../build/topic_py/topic_py.egg-info/dependency_links.txt
[1.118s] writing entry points to ../../build/topic_py/topic_py.egg-info/entry_points.txt
[1.119s] writing requirements to ../../build/topic_py/topic_py.egg-info/requires.txt
[1.119s] writing top-level names to ../../build/topic_py/topic_py.egg-info/top_level.txt
[1.122s] reading manifest file '../../build/topic_py/topic_py.egg-info/SOURCES.txt'
[1.123s] writing manifest file '../../build/topic_py/topic_py.egg-info/SOURCES.txt'
[1.124s] running build
[1.124s] running build_py
[1.124s] running install
[1.124s] running install_lib
[1.126s] running install_data
[1.126s] running install_egg_info
[1.129s] removing '/home/lich/ROS2/ros2_learning_plumbing/install/topic_py/lib/python3.10/site-packages/topic_py-0.0.0-py3.10.egg-info' (and everything under it)
[1.130s] Copying ../../build/topic_py/topic_py.egg-info to /home/lich/ROS2/ros2_learning_plumbing/install/topic_py/lib/python3.10/site-packages/topic_py-0.0.0-py3.10.egg-info
[1.131s] running install_scripts
[1.161s] writing list of installed files to '/home/lich/ROS2/ros2_learning_plumbing/build/topic_py/install.log'
[1.190s] Invoked command in '/home/lich/ROS2/ros2_learning_plumbing/src/topic_py' returned '0': CMAKE_PREFIX_PATH=/home/lich/ROS2/ros2_learning_plumbing/install/base_interfaces_demo:/home/lich/ROS2/ros2_learning_plumbing/install/topic_cpp PYTHONPATH=/home/lich/ROS2/ros2_learning_plumbing/build/topic_py/prefix_override:/usr/lib/python3/dist-packages/colcon_core/task/python/colcon_distutils_commands:/home/lich/ROS2/ros2_learning_plumbing/install/topic_py/lib/python3.10/site-packages:${PYTHONPATH} /usr/bin/python3 -W ignore:setup.py install is deprecated -W ignore:easy_install command is deprecated setup.py egg_info --egg-base ../../build/topic_py build --build-base /home/lich/ROS2/ros2_learning_plumbing/build/topic_py/build install --record /home/lich/ROS2/ros2_learning_plumbing/build/topic_py/install.log --install-scripts $base/lib/topic_py --single-version-externally-managed install_data
