[0.174s] DEBUG:colcon:Command line arguments: ['/usr/bin/colcon', 'build']
[0.174s] DEBUG:colcon:Parsed command line arguments: Namespace(log_base=None, log_level=None, verb_name='build', build_base='build', install_base='install', merge_install=False, symlink_install=False, test_result_base=None, continue_on_error=False, executor='parallel', parallel_workers=6, event_handlers=None, ignore_user_meta=False, metas=['./colcon.meta'], base_paths=['.'], packages_ignore=None, packages_ignore_regex=None, paths=None, packages_up_to=None, packages_up_to_regex=None, packages_above=None, packages_above_and_dependencies=None, packages_above_depth=None, packages_select_by_dep=None, packages_skip_by_dep=None, packages_skip_up_to=None, packages_select_build_failed=False, packages_skip_build_finished=False, packages_select_test_failures=False, packages_skip_test_passed=False, packages_select=None, packages_skip=None, packages_select_regex=None, packages_skip_regex=None, packages_start=None, packages_end=None, allow_overriding=[], cmake_args=None, cmake_target=None, cmake_target_skip_unavailable=False, cmake_clean_cache=False, cmake_clean_first=False, cmake_force_configure=False, ament_cmake_args=None, catkin_cmake_args=None, catkin_skip_building_tests=False, verb_parser=<colcon_defaults.argument_parser.defaults.DefaultArgumentsDecorator object at 0x77d85e9a6f20>, verb_extension=<colcon_core.verb.build.BuildVerb object at 0x77d85eb74640>, main=<bound method BuildVerb.main of <colcon_core.verb.build.BuildVerb object at 0x77d85eb74640>>)
[0.716s] Level 1:colcon.colcon_core.package_discovery:discover_packages(colcon_meta) check parameters
[0.717s] Level 1:colcon.colcon_core.package_discovery:discover_packages(recursive) check parameters
[0.717s] Level 1:colcon.colcon_core.package_discovery:discover_packages(ignore) check parameters
[0.717s] Level 1:colcon.colcon_core.package_discovery:discover_packages(path) check parameters
[0.717s] Level 1:colcon.colcon_core.package_discovery:discover_packages(colcon_meta) discover
[0.717s] Level 1:colcon.colcon_core.package_discovery:discover_packages(recursive) discover
[0.717s] INFO:colcon.colcon_core.package_discovery:Crawling recursively for packages in '/home/lich/ROS2/ros2_learning_plumbing'
[0.717s] Level 1:colcon.colcon_core.package_identification:_identify(.) by extensions ['ignore', 'ignore_ament_install']
[0.717s] Level 1:colcon.colcon_core.package_identification:_identify(.) by extension 'ignore'
[0.718s] Level 1:colcon.colcon_core.package_identification:_identify(.) by extension 'ignore_ament_install'
[0.718s] Level 1:colcon.colcon_core.package_identification:_identify(.) by extensions ['colcon_pkg']
[0.718s] Level 1:colcon.colcon_core.package_identification:_identify(.) by extension 'colcon_pkg'
[0.718s] Level 1:colcon.colcon_core.package_identification:_identify(.) by extensions ['colcon_meta']
[0.718s] Level 1:colcon.colcon_core.package_identification:_identify(.) by extension 'colcon_meta'
[0.718s] Level 1:colcon.colcon_core.package_identification:_identify(.) by extensions ['ros']
[0.718s] Level 1:colcon.colcon_core.package_identification:_identify(.) by extension 'ros'
[0.752s] Level 1:colcon.colcon_core.package_identification:_identify(.) by extensions ['cmake', 'python']
[0.752s] Level 1:colcon.colcon_core.package_identification:_identify(.) by extension 'cmake'
[0.752s] Level 1:colcon.colcon_core.package_identification:_identify(.) by extension 'python'
[0.752s] Level 1:colcon.colcon_core.package_identification:_identify(.) by extensions ['python_setup_py']
[0.752s] Level 1:colcon.colcon_core.package_identification:_identify(.) by extension 'python_setup_py'
[0.752s] Level 1:colcon.colcon_core.package_identification:_identify(build) by extensions ['ignore', 'ignore_ament_install']
[0.752s] Level 1:colcon.colcon_core.package_identification:_identify(build) by extension 'ignore'
[0.752s] Level 1:colcon.colcon_core.package_identification:_identify(build) ignored
[0.753s] Level 1:colcon.colcon_core.package_identification:_identify(install) by extensions ['ignore', 'ignore_ament_install']
[0.753s] Level 1:colcon.colcon_core.package_identification:_identify(install) by extension 'ignore'
[0.753s] Level 1:colcon.colcon_core.package_identification:_identify(install) ignored
[0.753s] Level 1:colcon.colcon_core.package_identification:_identify(log) by extensions ['ignore', 'ignore_ament_install']
[0.753s] Level 1:colcon.colcon_core.package_identification:_identify(log) by extension 'ignore'
[0.753s] Level 1:colcon.colcon_core.package_identification:_identify(log) ignored
[0.753s] Level 1:colcon.colcon_core.package_identification:_identify(src) by extensions ['ignore', 'ignore_ament_install']
[0.753s] Level 1:colcon.colcon_core.package_identification:_identify(src) by extension 'ignore'
[0.754s] Level 1:colcon.colcon_core.package_identification:_identify(src) by extension 'ignore_ament_install'
[0.754s] Level 1:colcon.colcon_core.package_identification:_identify(src) by extensions ['colcon_pkg']
[0.754s] Level 1:colcon.colcon_core.package_identification:_identify(src) by extension 'colcon_pkg'
[0.754s] Level 1:colcon.colcon_core.package_identification:_identify(src) by extensions ['colcon_meta']
[0.754s] Level 1:colcon.colcon_core.package_identification:_identify(src) by extension 'colcon_meta'
[0.754s] Level 1:colcon.colcon_core.package_identification:_identify(src) by extensions ['ros']
[0.754s] Level 1:colcon.colcon_core.package_identification:_identify(src) by extension 'ros'
[0.754s] Level 1:colcon.colcon_core.package_identification:_identify(src) by extensions ['cmake', 'python']
[0.754s] Level 1:colcon.colcon_core.package_identification:_identify(src) by extension 'cmake'
[0.754s] Level 1:colcon.colcon_core.package_identification:_identify(src) by extension 'python'
[0.755s] Level 1:colcon.colcon_core.package_identification:_identify(src) by extensions ['python_setup_py']
[0.755s] Level 1:colcon.colcon_core.package_identification:_identify(src) by extension 'python_setup_py'
[0.755s] Level 1:colcon.colcon_core.package_identification:_identify(src/base_interfaces_demo) by extensions ['ignore', 'ignore_ament_install']
[0.755s] Level 1:colcon.colcon_core.package_identification:_identify(src/base_interfaces_demo) by extension 'ignore'
[0.755s] Level 1:colcon.colcon_core.package_identification:_identify(src/base_interfaces_demo) by extension 'ignore_ament_install'
[0.755s] Level 1:colcon.colcon_core.package_identification:_identify(src/base_interfaces_demo) by extensions ['colcon_pkg']
[0.755s] Level 1:colcon.colcon_core.package_identification:_identify(src/base_interfaces_demo) by extension 'colcon_pkg'
[0.755s] Level 1:colcon.colcon_core.package_identification:_identify(src/base_interfaces_demo) by extensions ['colcon_meta']
[0.755s] Level 1:colcon.colcon_core.package_identification:_identify(src/base_interfaces_demo) by extension 'colcon_meta'
[0.755s] Level 1:colcon.colcon_core.package_identification:_identify(src/base_interfaces_demo) by extensions ['ros']
[0.755s] Level 1:colcon.colcon_core.package_identification:_identify(src/base_interfaces_demo) by extension 'ros'
[0.764s] DEBUG:colcon.colcon_core.package_identification:Package 'src/base_interfaces_demo' with type 'ros.ament_cmake' and name 'base_interfaces_demo'
[0.764s] Level 1:colcon.colcon_core.package_identification:_identify(src/topic_cpp) by extensions ['ignore', 'ignore_ament_install']
[0.764s] Level 1:colcon.colcon_core.package_identification:_identify(src/topic_cpp) by extension 'ignore'
[0.764s] Level 1:colcon.colcon_core.package_identification:_identify(src/topic_cpp) by extension 'ignore_ament_install'
[0.765s] Level 1:colcon.colcon_core.package_identification:_identify(src/topic_cpp) by extensions ['colcon_pkg']
[0.765s] Level 1:colcon.colcon_core.package_identification:_identify(src/topic_cpp) by extension 'colcon_pkg'
[0.765s] Level 1:colcon.colcon_core.package_identification:_identify(src/topic_cpp) by extensions ['colcon_meta']
[0.765s] Level 1:colcon.colcon_core.package_identification:_identify(src/topic_cpp) by extension 'colcon_meta'
[0.765s] Level 1:colcon.colcon_core.package_identification:_identify(src/topic_cpp) by extensions ['ros']
[0.765s] Level 1:colcon.colcon_core.package_identification:_identify(src/topic_cpp) by extension 'ros'
[0.767s] DEBUG:colcon.colcon_core.package_identification:Package 'src/topic_cpp' with type 'ros.ament_cmake' and name 'topic_cpp'
[0.767s] Level 1:colcon.colcon_core.package_identification:_identify(src/topic_py) by extensions ['ignore', 'ignore_ament_install']
[0.767s] Level 1:colcon.colcon_core.package_identification:_identify(src/topic_py) by extension 'ignore'
[0.767s] Level 1:colcon.colcon_core.package_identification:_identify(src/topic_py) by extension 'ignore_ament_install'
[0.767s] Level 1:colcon.colcon_core.package_identification:_identify(src/topic_py) by extensions ['colcon_pkg']
[0.768s] Level 1:colcon.colcon_core.package_identification:_identify(src/topic_py) by extension 'colcon_pkg'
[0.768s] Level 1:colcon.colcon_core.package_identification:_identify(src/topic_py) by extensions ['colcon_meta']
[0.768s] Level 1:colcon.colcon_core.package_identification:_identify(src/topic_py) by extension 'colcon_meta'
[0.768s] Level 1:colcon.colcon_core.package_identification:_identify(src/topic_py) by extensions ['ros']
[0.768s] Level 1:colcon.colcon_core.package_identification:_identify(src/topic_py) by extension 'ros'
[0.769s] DEBUG:colcon.colcon_core.package_identification:Package 'src/topic_py' with type 'ros.ament_python' and name 'topic_py'
[0.769s] Level 1:colcon.colcon_core.package_discovery:discover_packages(recursive) using defaults
[0.769s] Level 1:colcon.colcon_core.package_discovery:discover_packages(ignore) discover
[0.769s] Level 1:colcon.colcon_core.package_discovery:discover_packages(ignore) using defaults
[0.769s] Level 1:colcon.colcon_core.package_discovery:discover_packages(path) discover
[0.769s] Level 1:colcon.colcon_core.package_discovery:discover_packages(path) using defaults
[0.823s] Level 1:colcon.colcon_core.package_discovery:discover_packages(prefix_path) check parameters
[0.823s] Level 1:colcon.colcon_core.package_discovery:discover_packages(prefix_path) discover
[0.832s] DEBUG:colcon.colcon_installed_package_information.package_discovery:Found 273 installed packages in /opt/ros/humble
[0.836s] Level 1:colcon.colcon_core.package_discovery:discover_packages(prefix_path) using defaults
[0.928s] Level 5:colcon.colcon_core.verb:set package 'base_interfaces_demo' build argument 'cmake_args' from command line to 'None'
[0.928s] Level 5:colcon.colcon_core.verb:set package 'base_interfaces_demo' build argument 'cmake_target' from command line to 'None'
[0.928s] Level 5:colcon.colcon_core.verb:set package 'base_interfaces_demo' build argument 'cmake_target_skip_unavailable' from command line to 'False'
[0.928s] Level 5:colcon.colcon_core.verb:set package 'base_interfaces_demo' build argument 'cmake_clean_cache' from command line to 'False'
[0.928s] Level 5:colcon.colcon_core.verb:set package 'base_interfaces_demo' build argument 'cmake_clean_first' from command line to 'False'
[0.928s] Level 5:colcon.colcon_core.verb:set package 'base_interfaces_demo' build argument 'cmake_force_configure' from command line to 'False'
[0.928s] Level 5:colcon.colcon_core.verb:set package 'base_interfaces_demo' build argument 'ament_cmake_args' from command line to 'None'
[0.928s] Level 5:colcon.colcon_core.verb:set package 'base_interfaces_demo' build argument 'catkin_cmake_args' from command line to 'None'
[0.928s] Level 5:colcon.colcon_core.verb:set package 'base_interfaces_demo' build argument 'catkin_skip_building_tests' from command line to 'False'
[0.928s] DEBUG:colcon.colcon_core.verb:Building package 'base_interfaces_demo' with the following arguments: {'ament_cmake_args': None, 'build_base': '/home/lich/ROS2/ros2_learning_plumbing/build/base_interfaces_demo', 'catkin_cmake_args': None, 'catkin_skip_building_tests': False, 'cmake_args': None, 'cmake_clean_cache': False, 'cmake_clean_first': False, 'cmake_force_configure': False, 'cmake_target': None, 'cmake_target_skip_unavailable': False, 'install_base': '/home/lich/ROS2/ros2_learning_plumbing/install/base_interfaces_demo', 'merge_install': False, 'path': '/home/lich/ROS2/ros2_learning_plumbing/src/base_interfaces_demo', 'symlink_install': False, 'test_result_base': None}
[0.929s] Level 5:colcon.colcon_core.verb:set package 'topic_cpp' build argument 'cmake_args' from command line to 'None'
[0.929s] Level 5:colcon.colcon_core.verb:set package 'topic_cpp' build argument 'cmake_target' from command line to 'None'
[0.929s] Level 5:colcon.colcon_core.verb:set package 'topic_cpp' build argument 'cmake_target_skip_unavailable' from command line to 'False'
[0.929s] Level 5:colcon.colcon_core.verb:set package 'topic_cpp' build argument 'cmake_clean_cache' from command line to 'False'
[0.929s] Level 5:colcon.colcon_core.verb:set package 'topic_cpp' build argument 'cmake_clean_first' from command line to 'False'
[0.929s] Level 5:colcon.colcon_core.verb:set package 'topic_cpp' build argument 'cmake_force_configure' from command line to 'False'
[0.929s] Level 5:colcon.colcon_core.verb:set package 'topic_cpp' build argument 'ament_cmake_args' from command line to 'None'
[0.929s] Level 5:colcon.colcon_core.verb:set package 'topic_cpp' build argument 'catkin_cmake_args' from command line to 'None'
[0.929s] Level 5:colcon.colcon_core.verb:set package 'topic_cpp' build argument 'catkin_skip_building_tests' from command line to 'False'
[0.929s] DEBUG:colcon.colcon_core.verb:Building package 'topic_cpp' with the following arguments: {'ament_cmake_args': None, 'build_base': '/home/lich/ROS2/ros2_learning_plumbing/build/topic_cpp', 'catkin_cmake_args': None, 'catkin_skip_building_tests': False, 'cmake_args': None, 'cmake_clean_cache': False, 'cmake_clean_first': False, 'cmake_force_configure': False, 'cmake_target': None, 'cmake_target_skip_unavailable': False, 'install_base': '/home/lich/ROS2/ros2_learning_plumbing/install/topic_cpp', 'merge_install': False, 'path': '/home/lich/ROS2/ros2_learning_plumbing/src/topic_cpp', 'symlink_install': False, 'test_result_base': None}
[0.930s] Level 5:colcon.colcon_core.verb:set package 'topic_py' build argument 'cmake_args' from command line to 'None'
[0.930s] Level 5:colcon.colcon_core.verb:set package 'topic_py' build argument 'cmake_target' from command line to 'None'
[0.930s] Level 5:colcon.colcon_core.verb:set package 'topic_py' build argument 'cmake_target_skip_unavailable' from command line to 'False'
[0.930s] Level 5:colcon.colcon_core.verb:set package 'topic_py' build argument 'cmake_clean_cache' from command line to 'False'
[0.930s] Level 5:colcon.colcon_core.verb:set package 'topic_py' build argument 'cmake_clean_first' from command line to 'False'
[0.930s] Level 5:colcon.colcon_core.verb:set package 'topic_py' build argument 'cmake_force_configure' from command line to 'False'
[0.930s] Level 5:colcon.colcon_core.verb:set package 'topic_py' build argument 'ament_cmake_args' from command line to 'None'
[0.930s] Level 5:colcon.colcon_core.verb:set package 'topic_py' build argument 'catkin_cmake_args' from command line to 'None'
[0.930s] Level 5:colcon.colcon_core.verb:set package 'topic_py' build argument 'catkin_skip_building_tests' from command line to 'False'
[0.930s] DEBUG:colcon.colcon_core.verb:Building package 'topic_py' with the following arguments: {'ament_cmake_args': None, 'build_base': '/home/lich/ROS2/ros2_learning_plumbing/build/topic_py', 'catkin_cmake_args': None, 'catkin_skip_building_tests': False, 'cmake_args': None, 'cmake_clean_cache': False, 'cmake_clean_first': False, 'cmake_force_configure': False, 'cmake_target': None, 'cmake_target_skip_unavailable': False, 'install_base': '/home/lich/ROS2/ros2_learning_plumbing/install/topic_py', 'merge_install': False, 'path': '/home/lich/ROS2/ros2_learning_plumbing/src/topic_py', 'symlink_install': False, 'test_result_base': None}
[0.930s] INFO:colcon.colcon_core.executor:Executing jobs using 'parallel' executor
[0.932s] DEBUG:colcon.colcon_parallel_executor.executor.parallel:run_until_complete
[0.932s] INFO:colcon.colcon_ros.task.ament_cmake.build:Building ROS package in '/home/lich/ROS2/ros2_learning_plumbing/src/base_interfaces_demo' with build type 'ament_cmake'
[0.932s] INFO:colcon.colcon_cmake.task.cmake.build:Building CMake package in '/home/lich/ROS2/ros2_learning_plumbing/src/base_interfaces_demo'
[0.941s] INFO:colcon.colcon_core.plugin_system:Skipping extension 'colcon_core.shell.bat': Not used on non-Windows systems
[0.941s] INFO:colcon.colcon_core.shell:Skip shell extension 'powershell' for command environment: Not usable outside of PowerShell
[0.941s] DEBUG:colcon.colcon_core.shell:Skip shell extension 'dsv' for command environment
[0.952s] DEBUG:colcon.colcon_core.event_handler.log_command:Invoking command in '/home/lich/ROS2/ros2_learning_plumbing/build/base_interfaces_demo': CMAKE_PREFIX_PATH=/opt/ros/humble /usr/bin/cmake /home/lich/ROS2/ros2_learning_plumbing/src/base_interfaces_demo -DCMAKE_INSTALL_PREFIX=/home/lich/ROS2/ros2_learning_plumbing/install/base_interfaces_demo
[3.485s] DEBUG:colcon.colcon_core.event_handler.log_command:Invoked command in '/home/lich/ROS2/ros2_learning_plumbing/build/base_interfaces_demo' returned '0': CMAKE_PREFIX_PATH=/opt/ros/humble /usr/bin/cmake /home/lich/ROS2/ros2_learning_plumbing/src/base_interfaces_demo -DCMAKE_INSTALL_PREFIX=/home/lich/ROS2/ros2_learning_plumbing/install/base_interfaces_demo
[3.486s] DEBUG:colcon.colcon_core.event_handler.log_command:Invoking command in '/home/lich/ROS2/ros2_learning_plumbing/build/base_interfaces_demo': CMAKE_PREFIX_PATH=/opt/ros/humble /usr/bin/cmake --build /home/lich/ROS2/ros2_learning_plumbing/build/base_interfaces_demo -- -j6 -l6
[3.544s] DEBUG:colcon.colcon_core.event_handler.log_command:Invoked command in '/home/lich/ROS2/ros2_learning_plumbing/build/base_interfaces_demo' returned '0': CMAKE_PREFIX_PATH=/opt/ros/humble /usr/bin/cmake --build /home/lich/ROS2/ros2_learning_plumbing/build/base_interfaces_demo -- -j6 -l6
[3.560s] DEBUG:colcon.colcon_core.event_handler.log_command:Invoking command in '/home/lich/ROS2/ros2_learning_plumbing/build/base_interfaces_demo': CMAKE_PREFIX_PATH=/opt/ros/humble /usr/bin/cmake --install /home/lich/ROS2/ros2_learning_plumbing/build/base_interfaces_demo
[3.579s] Level 1:colcon.colcon_core.environment:create_environment_scripts_only(base_interfaces_demo)
[3.583s] DEBUG:colcon.colcon_core.event_handler.log_command:Invoked command in '/home/lich/ROS2/ros2_learning_plumbing/build/base_interfaces_demo' returned '0': CMAKE_PREFIX_PATH=/opt/ros/humble /usr/bin/cmake --install /home/lich/ROS2/ros2_learning_plumbing/build/base_interfaces_demo
[3.589s] Level 1:colcon.colcon_core.environment:checking '/home/lich/ROS2/ros2_learning_plumbing/install/base_interfaces_demo' for CMake module files
[3.590s] Level 1:colcon.colcon_core.environment:checking '/home/lich/ROS2/ros2_learning_plumbing/install/base_interfaces_demo' for CMake config files
[3.591s] Level 1:colcon.colcon_core.shell:create_environment_hook('base_interfaces_demo', 'cmake_prefix_path')
[3.591s] INFO:colcon.colcon_core.shell:Creating environment hook '/home/lich/ROS2/ros2_learning_plumbing/install/base_interfaces_demo/share/base_interfaces_demo/hook/cmake_prefix_path.ps1'
[3.592s] INFO:colcon.colcon_core.shell:Creating environment descriptor '/home/lich/ROS2/ros2_learning_plumbing/install/base_interfaces_demo/share/base_interfaces_demo/hook/cmake_prefix_path.dsv'
[3.593s] INFO:colcon.colcon_core.shell:Creating environment hook '/home/lich/ROS2/ros2_learning_plumbing/install/base_interfaces_demo/share/base_interfaces_demo/hook/cmake_prefix_path.sh'
[3.595s] Level 1:colcon.colcon_core.environment:checking '/home/lich/ROS2/ros2_learning_plumbing/install/base_interfaces_demo/bin'
[3.595s] Level 1:colcon.colcon_core.environment:checking '/home/lich/ROS2/ros2_learning_plumbing/install/base_interfaces_demo/lib/pkgconfig/base_interfaces_demo.pc'
[3.595s] Level 1:colcon.colcon_core.environment:checking '/home/lich/ROS2/ros2_learning_plumbing/install/base_interfaces_demo/lib/python3.10/site-packages'
[3.595s] Level 1:colcon.colcon_core.environment:checking '/home/lich/ROS2/ros2_learning_plumbing/install/base_interfaces_demo/bin'
[3.596s] INFO:colcon.colcon_core.shell:Creating package script '/home/lich/ROS2/ros2_learning_plumbing/install/base_interfaces_demo/share/base_interfaces_demo/package.ps1'
[3.597s] INFO:colcon.colcon_core.shell:Creating package descriptor '/home/lich/ROS2/ros2_learning_plumbing/install/base_interfaces_demo/share/base_interfaces_demo/package.dsv'
[3.599s] INFO:colcon.colcon_core.shell:Creating package script '/home/lich/ROS2/ros2_learning_plumbing/install/base_interfaces_demo/share/base_interfaces_demo/package.sh'
[3.600s] INFO:colcon.colcon_core.shell:Creating package script '/home/lich/ROS2/ros2_learning_plumbing/install/base_interfaces_demo/share/base_interfaces_demo/package.bash'
[3.601s] INFO:colcon.colcon_core.shell:Creating package script '/home/lich/ROS2/ros2_learning_plumbing/install/base_interfaces_demo/share/base_interfaces_demo/package.zsh'
[3.602s] Level 1:colcon.colcon_core.environment:create_file_with_runtime_dependencies(/home/lich/ROS2/ros2_learning_plumbing/install/base_interfaces_demo/share/colcon-core/packages/base_interfaces_demo)
[3.603s] Level 1:colcon.colcon_core.environment:create_environment_scripts_only(base_interfaces_demo)
[3.603s] Level 1:colcon.colcon_core.environment:checking '/home/lich/ROS2/ros2_learning_plumbing/install/base_interfaces_demo' for CMake module files
[3.604s] Level 1:colcon.colcon_core.environment:checking '/home/lich/ROS2/ros2_learning_plumbing/install/base_interfaces_demo' for CMake config files
[3.604s] Level 1:colcon.colcon_core.shell:create_environment_hook('base_interfaces_demo', 'cmake_prefix_path')
[3.605s] INFO:colcon.colcon_core.shell:Creating environment hook '/home/lich/ROS2/ros2_learning_plumbing/install/base_interfaces_demo/share/base_interfaces_demo/hook/cmake_prefix_path.ps1'
[3.605s] INFO:colcon.colcon_core.shell:Creating environment descriptor '/home/lich/ROS2/ros2_learning_plumbing/install/base_interfaces_demo/share/base_interfaces_demo/hook/cmake_prefix_path.dsv'
[3.606s] INFO:colcon.colcon_core.shell:Creating environment hook '/home/lich/ROS2/ros2_learning_plumbing/install/base_interfaces_demo/share/base_interfaces_demo/hook/cmake_prefix_path.sh'
[3.607s] Level 1:colcon.colcon_core.environment:checking '/home/lich/ROS2/ros2_learning_plumbing/install/base_interfaces_demo/bin'
[3.607s] Level 1:colcon.colcon_core.environment:checking '/home/lich/ROS2/ros2_learning_plumbing/install/base_interfaces_demo/lib/pkgconfig/base_interfaces_demo.pc'
[3.607s] Level 1:colcon.colcon_core.environment:checking '/home/lich/ROS2/ros2_learning_plumbing/install/base_interfaces_demo/lib/python3.10/site-packages'
[3.608s] Level 1:colcon.colcon_core.environment:checking '/home/lich/ROS2/ros2_learning_plumbing/install/base_interfaces_demo/bin'
[3.608s] INFO:colcon.colcon_core.shell:Creating package script '/home/lich/ROS2/ros2_learning_plumbing/install/base_interfaces_demo/share/base_interfaces_demo/package.ps1'
[3.609s] INFO:colcon.colcon_core.shell:Creating package descriptor '/home/lich/ROS2/ros2_learning_plumbing/install/base_interfaces_demo/share/base_interfaces_demo/package.dsv'
[3.610s] INFO:colcon.colcon_core.shell:Creating package script '/home/lich/ROS2/ros2_learning_plumbing/install/base_interfaces_demo/share/base_interfaces_demo/package.sh'
[3.610s] INFO:colcon.colcon_core.shell:Creating package script '/home/lich/ROS2/ros2_learning_plumbing/install/base_interfaces_demo/share/base_interfaces_demo/package.bash'
[3.611s] INFO:colcon.colcon_core.shell:Creating package script '/home/lich/ROS2/ros2_learning_plumbing/install/base_interfaces_demo/share/base_interfaces_demo/package.zsh'
[3.612s] Level 1:colcon.colcon_core.environment:create_file_with_runtime_dependencies(/home/lich/ROS2/ros2_learning_plumbing/install/base_interfaces_demo/share/colcon-core/packages/base_interfaces_demo)
[3.612s] INFO:colcon.colcon_ros.task.ament_cmake.build:Building ROS package in '/home/lich/ROS2/ros2_learning_plumbing/src/topic_cpp' with build type 'ament_cmake'
[3.613s] INFO:colcon.colcon_cmake.task.cmake.build:Building CMake package in '/home/lich/ROS2/ros2_learning_plumbing/src/topic_cpp'
[3.613s] INFO:colcon.colcon_core.shell:Skip shell extension 'powershell' for command environment: Not usable outside of PowerShell
[3.613s] DEBUG:colcon.colcon_core.shell:Skip shell extension 'dsv' for command environment
[3.618s] INFO:colcon.colcon_ros.task.ament_python.build:Building ROS package in '/home/lich/ROS2/ros2_learning_plumbing/src/topic_py' with build type 'ament_python'
[3.618s] Level 1:colcon.colcon_core.shell:create_environment_hook('topic_py', 'ament_prefix_path')
[3.619s] INFO:colcon.colcon_core.shell:Creating environment hook '/home/lich/ROS2/ros2_learning_plumbing/install/topic_py/share/topic_py/hook/ament_prefix_path.ps1'
[3.620s] INFO:colcon.colcon_core.shell:Creating environment descriptor '/home/lich/ROS2/ros2_learning_plumbing/install/topic_py/share/topic_py/hook/ament_prefix_path.dsv'
[3.621s] INFO:colcon.colcon_core.shell:Creating environment hook '/home/lich/ROS2/ros2_learning_plumbing/install/topic_py/share/topic_py/hook/ament_prefix_path.sh'
[3.621s] INFO:colcon.colcon_core.shell:Skip shell extension 'powershell' for command environment: Not usable outside of PowerShell
[3.622s] DEBUG:colcon.colcon_core.shell:Skip shell extension 'dsv' for command environment
[3.631s] DEBUG:colcon.colcon_core.event_handler.log_command:Invoking command in '/home/lich/ROS2/ros2_learning_plumbing/build/topic_cpp': AMENT_PREFIX_PATH=/home/lich/ROS2/ros2_learning_plumbing/install/base_interfaces_demo:${AMENT_PREFIX_PATH} CMAKE_PREFIX_PATH=/home/lich/ROS2/ros2_learning_plumbing/install/base_interfaces_demo:/opt/ros/humble /usr/bin/cmake /home/lich/ROS2/ros2_learning_plumbing/src/topic_cpp -DCMAKE_INSTALL_PREFIX=/home/lich/ROS2/ros2_learning_plumbing/install/topic_cpp
[3.988s] INFO:colcon.colcon_core.task.python.build:Building Python package in '/home/lich/ROS2/ros2_learning_plumbing/src/topic_py'
[3.989s] INFO:colcon.colcon_core.shell:Skip shell extension 'powershell' for command environment: Not usable outside of PowerShell
[3.989s] DEBUG:colcon.colcon_core.shell:Skip shell extension 'dsv' for command environment
[4.449s] DEBUG:colcon.colcon_core.task.python.build:Available setuptools commands: rotate, install_data, install_egg_info, alias, build_py, upload, bdist_dumb, egg_info, install_headers, bdist_rpm, develop, easy_install, build, register, build_scripts, clean, upload_docs, build_clib, symlink_data, install_lib, setopt, saveopts, build_ext, install, bdist, bdist_egg, test, sdist, dist_info, install_scripts, check
[4.454s] DEBUG:colcon.colcon_core.event_handler.log_command:Invoking command in '/home/lich/ROS2/ros2_learning_plumbing/src/topic_py': AMENT_PREFIX_PATH=/home/lich/ROS2/ros2_learning_plumbing/install/base_interfaces_demo:${AMENT_PREFIX_PATH} CMAKE_PREFIX_PATH=/home/lich/ROS2/ros2_learning_plumbing/install/base_interfaces_demo PYTHONPATH=/home/lich/ROS2/ros2_learning_plumbing/build/topic_py/prefix_override:/usr/lib/python3/dist-packages/colcon_core/task/python/colcon_distutils_commands:/home/lich/ROS2/ros2_learning_plumbing/install/topic_py/lib/python3.10/site-packages:${PYTHONPATH} /usr/bin/python3 -W ignore:setup.py install is deprecated -W ignore:easy_install command is deprecated setup.py egg_info --egg-base ../../build/topic_py build --build-base /home/lich/ROS2/ros2_learning_plumbing/build/topic_py/build install --record /home/lich/ROS2/ros2_learning_plumbing/build/topic_py/install.log --install-scripts $base/lib/topic_py --single-version-externally-managed install_data
[4.839s] Level 1:colcon.colcon_core.environment:checking '/home/lich/ROS2/ros2_learning_plumbing/install/topic_py' for CMake module files
[4.841s] DEBUG:colcon.colcon_core.event_handler.log_command:Invoked command in '/home/lich/ROS2/ros2_learning_plumbing/src/topic_py' returned '0': AMENT_PREFIX_PATH=/home/lich/ROS2/ros2_learning_plumbing/install/base_interfaces_demo:${AMENT_PREFIX_PATH} CMAKE_PREFIX_PATH=/home/lich/ROS2/ros2_learning_plumbing/install/base_interfaces_demo PYTHONPATH=/home/lich/ROS2/ros2_learning_plumbing/build/topic_py/prefix_override:/usr/lib/python3/dist-packages/colcon_core/task/python/colcon_distutils_commands:/home/lich/ROS2/ros2_learning_plumbing/install/topic_py/lib/python3.10/site-packages:${PYTHONPATH} /usr/bin/python3 -W ignore:setup.py install is deprecated -W ignore:easy_install command is deprecated setup.py egg_info --egg-base ../../build/topic_py build --build-base /home/lich/ROS2/ros2_learning_plumbing/build/topic_py/build install --record /home/lich/ROS2/ros2_learning_plumbing/build/topic_py/install.log --install-scripts $base/lib/topic_py --single-version-externally-managed install_data
[4.841s] Level 1:colcon.colcon_core.environment:checking '/home/lich/ROS2/ros2_learning_plumbing/install/topic_py' for CMake config files
[4.843s] Level 1:colcon.colcon_core.environment:checking '/home/lich/ROS2/ros2_learning_plumbing/install/topic_py/lib'
[4.843s] Level 1:colcon.colcon_core.environment:checking '/home/lich/ROS2/ros2_learning_plumbing/install/topic_py/bin'
[4.844s] Level 1:colcon.colcon_core.environment:checking '/home/lich/ROS2/ros2_learning_plumbing/install/topic_py/lib/pkgconfig/topic_py.pc'
[4.844s] Level 1:colcon.colcon_core.environment:checking '/home/lich/ROS2/ros2_learning_plumbing/install/topic_py/lib/python3.10/site-packages'
[4.844s] Level 1:colcon.colcon_core.shell:create_environment_hook('topic_py', 'pythonpath')
[4.845s] INFO:colcon.colcon_core.shell:Creating environment hook '/home/lich/ROS2/ros2_learning_plumbing/install/topic_py/share/topic_py/hook/pythonpath.ps1'
[4.846s] INFO:colcon.colcon_core.shell:Creating environment descriptor '/home/lich/ROS2/ros2_learning_plumbing/install/topic_py/share/topic_py/hook/pythonpath.dsv'
[4.847s] INFO:colcon.colcon_core.shell:Creating environment hook '/home/lich/ROS2/ros2_learning_plumbing/install/topic_py/share/topic_py/hook/pythonpath.sh'
[4.848s] Level 1:colcon.colcon_core.environment:checking '/home/lich/ROS2/ros2_learning_plumbing/install/topic_py/bin'
[4.849s] Level 1:colcon.colcon_core.environment:create_environment_scripts_only(topic_py)
[4.849s] INFO:colcon.colcon_core.shell:Creating package script '/home/lich/ROS2/ros2_learning_plumbing/install/topic_py/share/topic_py/package.ps1'
[4.851s] INFO:colcon.colcon_core.shell:Creating package descriptor '/home/lich/ROS2/ros2_learning_plumbing/install/topic_py/share/topic_py/package.dsv'
[4.852s] INFO:colcon.colcon_core.shell:Creating package script '/home/lich/ROS2/ros2_learning_plumbing/install/topic_py/share/topic_py/package.sh'
[4.852s] INFO:colcon.colcon_core.shell:Creating package script '/home/lich/ROS2/ros2_learning_plumbing/install/topic_py/share/topic_py/package.bash'
[4.853s] INFO:colcon.colcon_core.shell:Creating package script '/home/lich/ROS2/ros2_learning_plumbing/install/topic_py/share/topic_py/package.zsh'
[4.854s] Level 1:colcon.colcon_core.environment:create_file_with_runtime_dependencies(/home/lich/ROS2/ros2_learning_plumbing/install/topic_py/share/colcon-core/packages/topic_py)
[5.330s] DEBUG:colcon.colcon_core.event_handler.log_command:Invoked command in '/home/lich/ROS2/ros2_learning_plumbing/build/topic_cpp' returned '0': AMENT_PREFIX_PATH=/home/lich/ROS2/ros2_learning_plumbing/install/base_interfaces_demo:${AMENT_PREFIX_PATH} CMAKE_PREFIX_PATH=/home/lich/ROS2/ros2_learning_plumbing/install/base_interfaces_demo:/opt/ros/humble /usr/bin/cmake /home/lich/ROS2/ros2_learning_plumbing/src/topic_cpp -DCMAKE_INSTALL_PREFIX=/home/lich/ROS2/ros2_learning_plumbing/install/topic_cpp
[5.331s] DEBUG:colcon.colcon_core.event_handler.log_command:Invoking command in '/home/lich/ROS2/ros2_learning_plumbing/build/topic_cpp': AMENT_PREFIX_PATH=/home/lich/ROS2/ros2_learning_plumbing/install/base_interfaces_demo:${AMENT_PREFIX_PATH} CMAKE_PREFIX_PATH=/home/lich/ROS2/ros2_learning_plumbing/install/base_interfaces_demo:/opt/ros/humble /usr/bin/cmake --build /home/lich/ROS2/ros2_learning_plumbing/build/topic_cpp -- -j6 -l6
[13.489s] DEBUG:colcon.colcon_core.event_handler.log_command:Invoked command in '/home/lich/ROS2/ros2_learning_plumbing/build/topic_cpp' returned '0': AMENT_PREFIX_PATH=/home/lich/ROS2/ros2_learning_plumbing/install/base_interfaces_demo:${AMENT_PREFIX_PATH} CMAKE_PREFIX_PATH=/home/lich/ROS2/ros2_learning_plumbing/install/base_interfaces_demo:/opt/ros/humble /usr/bin/cmake --build /home/lich/ROS2/ros2_learning_plumbing/build/topic_cpp -- -j6 -l6
[13.493s] DEBUG:colcon.colcon_core.event_handler.log_command:Invoking command in '/home/lich/ROS2/ros2_learning_plumbing/build/topic_cpp': AMENT_PREFIX_PATH=/home/lich/ROS2/ros2_learning_plumbing/install/base_interfaces_demo:${AMENT_PREFIX_PATH} CMAKE_PREFIX_PATH=/home/lich/ROS2/ros2_learning_plumbing/install/base_interfaces_demo:/opt/ros/humble /usr/bin/cmake --install /home/lich/ROS2/ros2_learning_plumbing/build/topic_cpp
[13.515s] Level 1:colcon.colcon_core.environment:create_environment_scripts_only(topic_cpp)
[13.515s] Level 1:colcon.colcon_core.environment:checking '/home/lich/ROS2/ros2_learning_plumbing/install/topic_cpp' for CMake module files
[13.517s] DEBUG:colcon.colcon_core.event_handler.log_command:Invoked command in '/home/lich/ROS2/ros2_learning_plumbing/build/topic_cpp' returned '0': AMENT_PREFIX_PATH=/home/lich/ROS2/ros2_learning_plumbing/install/base_interfaces_demo:${AMENT_PREFIX_PATH} CMAKE_PREFIX_PATH=/home/lich/ROS2/ros2_learning_plumbing/install/base_interfaces_demo:/opt/ros/humble /usr/bin/cmake --install /home/lich/ROS2/ros2_learning_plumbing/build/topic_cpp
[13.517s] Level 1:colcon.colcon_core.environment:checking '/home/lich/ROS2/ros2_learning_plumbing/install/topic_cpp' for CMake config files
[13.518s] Level 1:colcon.colcon_core.shell:create_environment_hook('topic_cpp', 'cmake_prefix_path')
[13.518s] INFO:colcon.colcon_core.shell:Creating environment hook '/home/lich/ROS2/ros2_learning_plumbing/install/topic_cpp/share/topic_cpp/hook/cmake_prefix_path.ps1'
[13.519s] INFO:colcon.colcon_core.shell:Creating environment descriptor '/home/lich/ROS2/ros2_learning_plumbing/install/topic_cpp/share/topic_cpp/hook/cmake_prefix_path.dsv'
[13.520s] INFO:colcon.colcon_core.shell:Creating environment hook '/home/lich/ROS2/ros2_learning_plumbing/install/topic_cpp/share/topic_cpp/hook/cmake_prefix_path.sh'
[13.521s] Level 1:colcon.colcon_core.environment:checking '/home/lich/ROS2/ros2_learning_plumbing/install/topic_cpp/lib'
[13.522s] Level 1:colcon.colcon_core.environment:checking '/home/lich/ROS2/ros2_learning_plumbing/install/topic_cpp/bin'
[13.522s] Level 1:colcon.colcon_core.environment:checking '/home/lich/ROS2/ros2_learning_plumbing/install/topic_cpp/lib/pkgconfig/topic_cpp.pc'
[13.522s] Level 1:colcon.colcon_core.environment:checking '/home/lich/ROS2/ros2_learning_plumbing/install/topic_cpp/lib/python3.10/site-packages'
[13.523s] Level 1:colcon.colcon_core.environment:checking '/home/lich/ROS2/ros2_learning_plumbing/install/topic_cpp/bin'
[13.523s] INFO:colcon.colcon_core.shell:Creating package script '/home/lich/ROS2/ros2_learning_plumbing/install/topic_cpp/share/topic_cpp/package.ps1'
[13.524s] INFO:colcon.colcon_core.shell:Creating package descriptor '/home/lich/ROS2/ros2_learning_plumbing/install/topic_cpp/share/topic_cpp/package.dsv'
[13.525s] INFO:colcon.colcon_core.shell:Creating package script '/home/lich/ROS2/ros2_learning_plumbing/install/topic_cpp/share/topic_cpp/package.sh'
[13.526s] INFO:colcon.colcon_core.shell:Creating package script '/home/lich/ROS2/ros2_learning_plumbing/install/topic_cpp/share/topic_cpp/package.bash'
[13.526s] INFO:colcon.colcon_core.shell:Creating package script '/home/lich/ROS2/ros2_learning_plumbing/install/topic_cpp/share/topic_cpp/package.zsh'
[13.527s] Level 1:colcon.colcon_core.environment:create_file_with_runtime_dependencies(/home/lich/ROS2/ros2_learning_plumbing/install/topic_cpp/share/colcon-core/packages/topic_cpp)
[13.528s] Level 1:colcon.colcon_core.environment:create_environment_scripts_only(topic_cpp)
[13.528s] Level 1:colcon.colcon_core.environment:checking '/home/lich/ROS2/ros2_learning_plumbing/install/topic_cpp' for CMake module files
[13.529s] Level 1:colcon.colcon_core.environment:checking '/home/lich/ROS2/ros2_learning_plumbing/install/topic_cpp' for CMake config files
[13.529s] Level 1:colcon.colcon_core.shell:create_environment_hook('topic_cpp', 'cmake_prefix_path')
[13.529s] INFO:colcon.colcon_core.shell:Creating environment hook '/home/lich/ROS2/ros2_learning_plumbing/install/topic_cpp/share/topic_cpp/hook/cmake_prefix_path.ps1'
[13.530s] INFO:colcon.colcon_core.shell:Creating environment descriptor '/home/lich/ROS2/ros2_learning_plumbing/install/topic_cpp/share/topic_cpp/hook/cmake_prefix_path.dsv'
[13.530s] INFO:colcon.colcon_core.shell:Creating environment hook '/home/lich/ROS2/ros2_learning_plumbing/install/topic_cpp/share/topic_cpp/hook/cmake_prefix_path.sh'
[13.531s] Level 1:colcon.colcon_core.environment:checking '/home/lich/ROS2/ros2_learning_plumbing/install/topic_cpp/lib'
[13.531s] Level 1:colcon.colcon_core.environment:checking '/home/lich/ROS2/ros2_learning_plumbing/install/topic_cpp/bin'
[13.531s] Level 1:colcon.colcon_core.environment:checking '/home/lich/ROS2/ros2_learning_plumbing/install/topic_cpp/lib/pkgconfig/topic_cpp.pc'
[13.531s] Level 1:colcon.colcon_core.environment:checking '/home/lich/ROS2/ros2_learning_plumbing/install/topic_cpp/lib/python3.10/site-packages'
[13.532s] Level 1:colcon.colcon_core.environment:checking '/home/lich/ROS2/ros2_learning_plumbing/install/topic_cpp/bin'
[13.532s] INFO:colcon.colcon_core.shell:Creating package script '/home/lich/ROS2/ros2_learning_plumbing/install/topic_cpp/share/topic_cpp/package.ps1'
[13.533s] INFO:colcon.colcon_core.shell:Creating package descriptor '/home/lich/ROS2/ros2_learning_plumbing/install/topic_cpp/share/topic_cpp/package.dsv'
[13.534s] INFO:colcon.colcon_core.shell:Creating package script '/home/lich/ROS2/ros2_learning_plumbing/install/topic_cpp/share/topic_cpp/package.sh'
[13.535s] INFO:colcon.colcon_core.shell:Creating package script '/home/lich/ROS2/ros2_learning_plumbing/install/topic_cpp/share/topic_cpp/package.bash'
[13.535s] INFO:colcon.colcon_core.shell:Creating package script '/home/lich/ROS2/ros2_learning_plumbing/install/topic_cpp/share/topic_cpp/package.zsh'
[13.536s] Level 1:colcon.colcon_core.environment:create_file_with_runtime_dependencies(/home/lich/ROS2/ros2_learning_plumbing/install/topic_cpp/share/colcon-core/packages/topic_cpp)
[13.537s] DEBUG:colcon.colcon_parallel_executor.executor.parallel:closing loop
[13.537s] DEBUG:colcon.colcon_parallel_executor.executor.parallel:loop closed
[13.537s] DEBUG:colcon.colcon_parallel_executor.executor.parallel:run_until_complete finished with '0'
[13.538s] DEBUG:colcon.colcon_core.event_reactor:joining thread
[13.540s] DEBUG:colcon.colcon_core.event_reactor:joined thread
[13.540s] INFO:colcon.colcon_core.shell:Creating prefix script '/home/lich/ROS2/ros2_learning_plumbing/install/local_setup.ps1'
[13.543s] INFO:colcon.colcon_core.shell:Creating prefix util module '/home/lich/ROS2/ros2_learning_plumbing/install/_local_setup_util_ps1.py'
[13.545s] INFO:colcon.colcon_core.shell:Creating prefix chain script '/home/lich/ROS2/ros2_learning_plumbing/install/setup.ps1'
[13.547s] INFO:colcon.colcon_core.shell:Creating prefix script '/home/lich/ROS2/ros2_learning_plumbing/install/local_setup.sh'
[13.548s] INFO:colcon.colcon_core.shell:Creating prefix util module '/home/lich/ROS2/ros2_learning_plumbing/install/_local_setup_util_sh.py'
[13.549s] INFO:colcon.colcon_core.shell:Creating prefix chain script '/home/lich/ROS2/ros2_learning_plumbing/install/setup.sh'
[13.551s] INFO:colcon.colcon_core.shell:Creating prefix script '/home/lich/ROS2/ros2_learning_plumbing/install/local_setup.bash'
[13.552s] INFO:colcon.colcon_core.shell:Creating prefix chain script '/home/lich/ROS2/ros2_learning_plumbing/install/setup.bash'
[13.554s] INFO:colcon.colcon_core.shell:Creating prefix script '/home/lich/ROS2/ros2_learning_plumbing/install/local_setup.zsh'
[13.556s] INFO:colcon.colcon_core.shell:Creating prefix chain script '/home/lich/ROS2/ros2_learning_plumbing/install/setup.zsh'
