-- Found ament_cmake: 1.3.14 (/opt/ros/humble/share/ament_cmake/cmake)
-- Found rclcpp: 16.0.21 (/opt/ros/humble/share/rclcpp/cmake)
-- Found rosidl_generator_c: 3.1.9 (/opt/ros/humble/share/rosidl_generator_c/cmake)
-- Found rosidl_adapter: 3.1.9 (/opt/ros/humble/share/rosidl_adapter/cmake)
-- Found rosidl_generator_cpp: 3.1.9 (/opt/ros/humble/share/rosidl_generator_cpp/cmake)
-- Using all available rosidl_typesupport_c: rosidl_typesupport_fastrtps_c;rosidl_typesupport_introspection_c
-- Using all available rosidl_typesupport_cpp: rosidl_typesupport_fastrtps_cpp;rosidl_typesupport_introspection_cpp
-- Found rmw_implementation_cmake: 6.1.4 (/opt/ros/humble/share/rmw_implementation_cmake/cmake)
-- Found rmw_fastrtps_cpp: 6.2.10 (/opt/ros/humble/share/rmw_fastrtps_cpp/cmake)
-- Using RMW implementation 'rmw_fastrtps_cpp' as default
-- Found base_interfaces_demo: 0.0.0 (/home/lich/ROS2/ros2_learning_plumbing/install/base_interfaces_demo/share/base_interfaces_demo/cmake)
-- Found ament_lint_auto: 0.12.15 (/opt/ros/humble/share/ament_lint_auto/cmake)
-- Added test 'cppcheck' to perform static code analysis on C / C++ code
-- Configured cppcheck include dirs: 
-- Configured cppcheck exclude dirs and/or files: 
-- Added test 'lint_cmake' to check CMake code style
-- Added test 'uncrustify' to check C / C++ code style
-- Configured uncrustify additional arguments: 
-- Added test 'xmllint' to check XML markup files
-- Configuring done
-- Generating done
-- Build files have been written to: /home/lich/ROS2/ros2_learning_plumbing/build/topic_cpp
[35m[1mConsolidate compiler generated dependencies of target demo_talker_str[0m
[ 25%] [32mBuilding CXX object CMakeFiles/demo_listener_str.dir/src/demo_listener_str.cpp.o[0m
[ 50%] [32mBuilding CXX object CMakeFiles/demo_talker_str.dir/src/demo_talker_str.cpp.o[0m
[ 75%] [32m[1mLinking CXX executable demo_talker_str[0m
[ 75%] Built target demo_talker_str
[100%] [32m[1mLinking CXX executable demo_listener_str[0m
[100%] Built target demo_listener_str
-- Install configuration: ""
-- Installing: /home/lich/ROS2/ros2_learning_plumbing/install/topic_cpp/lib/topic_cpp/demo_talker_str
-- Set runtime path of "/home/lich/ROS2/ros2_learning_plumbing/install/topic_cpp/lib/topic_cpp/demo_talker_str" to ""
-- Installing: /home/lich/ROS2/ros2_learning_plumbing/install/topic_cpp/lib/topic_cpp/demo_listener_str
-- Set runtime path of "/home/lich/ROS2/ros2_learning_plumbing/install/topic_cpp/lib/topic_cpp/demo_listener_str" to ""
-- Up-to-date: /home/lich/ROS2/ros2_learning_plumbing/install/topic_cpp/share/ament_index/resource_index/package_run_dependencies/topic_cpp
-- Installing: /home/lich/ROS2/ros2_learning_plumbing/install/topic_cpp/share/ament_index/resource_index/parent_prefix_path/topic_cpp
-- Up-to-date: /home/lich/ROS2/ros2_learning_plumbing/install/topic_cpp/share/topic_cpp/environment/ament_prefix_path.sh
-- Installing: /home/lich/ROS2/ros2_learning_plumbing/install/topic_cpp/share/topic_cpp/environment/ament_prefix_path.dsv
-- Up-to-date: /home/lich/ROS2/ros2_learning_plumbing/install/topic_cpp/share/topic_cpp/environment/path.sh
-- Installing: /home/lich/ROS2/ros2_learning_plumbing/install/topic_cpp/share/topic_cpp/environment/path.dsv
-- Up-to-date: /home/lich/ROS2/ros2_learning_plumbing/install/topic_cpp/share/topic_cpp/local_setup.bash
-- Up-to-date: /home/lich/ROS2/ros2_learning_plumbing/install/topic_cpp/share/topic_cpp/local_setup.sh
-- Up-to-date: /home/lich/ROS2/ros2_learning_plumbing/install/topic_cpp/share/topic_cpp/local_setup.zsh
-- Installing: /home/lich/ROS2/ros2_learning_plumbing/install/topic_cpp/share/topic_cpp/local_setup.dsv
-- Installing: /home/lich/ROS2/ros2_learning_plumbing/install/topic_cpp/share/topic_cpp/package.dsv
-- Up-to-date: /home/lich/ROS2/ros2_learning_plumbing/install/topic_cpp/share/ament_index/resource_index/packages/topic_cpp
-- Up-to-date: /home/lich/ROS2/ros2_learning_plumbing/install/topic_cpp/share/topic_cpp/cmake/topic_cppConfig.cmake
-- Up-to-date: /home/lich/ROS2/ros2_learning_plumbing/install/topic_cpp/share/topic_cpp/cmake/topic_cppConfig-version.cmake
-- Up-to-date: /home/lich/ROS2/ros2_learning_plumbing/install/topic_cpp/share/topic_cpp/package.xml
