[0.025s] Invoking command in '/home/lich/ROS2/ros2_learning_plumbing/build/topic_cpp': CMAKE_PREFIX_PATH=/home/lich/ROS2/ros2_learning_plumbing/install/base_interfaces_demo:/home/lich/ROS2/ros2_learning_plumbing/install/topic_cpp:/home/lich/ROS2/ros2_learning_plumbing/install/topic_py:/opt/ros/humble /usr/bin/cmake --build /home/lich/ROS2/ros2_learning_plumbing/build/topic_cpp -- -j6 -l6
[0.057s] -- Found ament_cmake: 1.3.14 (/opt/ros/humble/share/ament_cmake/cmake)
[0.256s] -- Found rclcpp: 16.0.21 (/opt/ros/humble/share/rclcpp/cmake)
[0.302s] -- Found rosidl_generator_c: 3.1.9 (/opt/ros/humble/share/rosidl_generator_c/cmake)
[0.306s] -- Found rosidl_adapter: 3.1.9 (/opt/ros/humble/share/rosidl_adapter/cmake)
[0.316s] -- Found rosidl_generator_cpp: 3.1.9 (/opt/ros/humble/share/rosidl_generator_cpp/cmake)
[0.329s] -- Using all available rosidl_typesupport_c: rosidl_typesupport_fastrtps_c;rosidl_typesupport_introspection_c
[0.346s] -- Using all available rosidl_typesupport_cpp: rosidl_typesupport_fastrtps_cpp;rosidl_typesupport_introspection_cpp
[0.388s] -- Found rmw_implementation_cmake: 6.1.4 (/opt/ros/humble/share/rmw_implementation_cmake/cmake)
[0.390s] -- Found rmw_fastrtps_cpp: 6.2.10 (/opt/ros/humble/share/rmw_fastrtps_cpp/cmake)
[0.542s] -- Using RMW implementation 'rmw_fastrtps_cpp' as default
[0.603s] -- Found base_interfaces_demo: 0.0.0 (/home/lich/ROS2/ros2_learning_plumbing/install/base_interfaces_demo/share/base_interfaces_demo/cmake)
[0.603s] -- Found ament_lint_auto: 0.12.15 (/opt/ros/humble/share/ament_lint_auto/cmake)
[0.696s] -- Added test 'cppcheck' to perform static code analysis on C / C++ code
[0.696s] -- Configured cppcheck include dirs: 
[0.697s] -- Configured cppcheck exclude dirs and/or files: 
[0.697s] -- Added test 'lint_cmake' to check CMake code style
[0.699s] -- Added test 'uncrustify' to check C / C++ code style
[0.699s] -- Configured uncrustify additional arguments: 
[0.699s] -- Added test 'xmllint' to check XML markup files
[0.701s] -- Configuring done
[0.725s] -- Generating done
[0.734s] -- Build files have been written to: /home/lich/ROS2/ros2_learning_plumbing/build/topic_cpp
[0.780s] [35m[1mConsolidate compiler generated dependencies of target demo_talker_str[0m
[0.799s] [ 25%] [32mBuilding CXX object CMakeFiles/demo_listener_str.dir/src/demo_listener_str.cpp.o[0m
[0.816s] [ 50%] [32mBuilding CXX object CMakeFiles/demo_talker_str.dir/src/demo_talker_str.cpp.o[0m
[9.335s] [ 75%] [32m[1mLinking CXX executable demo_talker_str[0m
[9.590s] [ 75%] Built target demo_talker_str
[14.469s] [100%] [32m[1mLinking CXX executable demo_listener_str[0m
[14.885s] [100%] Built target demo_listener_str
[14.902s] Invoked command in '/home/lich/ROS2/ros2_learning_plumbing/build/topic_cpp' returned '0': CMAKE_PREFIX_PATH=/home/lich/ROS2/ros2_learning_plumbing/install/base_interfaces_demo:/home/lich/ROS2/ros2_learning_plumbing/install/topic_cpp:/home/lich/ROS2/ros2_learning_plumbing/install/topic_py:/opt/ros/humble /usr/bin/cmake --build /home/lich/ROS2/ros2_learning_plumbing/build/topic_cpp -- -j6 -l6
[14.906s] Invoking command in '/home/lich/ROS2/ros2_learning_plumbing/build/topic_cpp': CMAKE_PREFIX_PATH=/home/lich/ROS2/ros2_learning_plumbing/install/base_interfaces_demo:/home/lich/ROS2/ros2_learning_plumbing/install/topic_cpp:/home/lich/ROS2/ros2_learning_plumbing/install/topic_py:/opt/ros/humble /usr/bin/cmake --install /home/lich/ROS2/ros2_learning_plumbing/build/topic_cpp
[14.917s] -- Install configuration: ""
[14.918s] -- Installing: /home/lich/ROS2/ros2_learning_plumbing/install/topic_cpp/lib/topic_cpp/demo_talker_str
[14.921s] -- Set runtime path of "/home/lich/ROS2/ros2_learning_plumbing/install/topic_cpp/lib/topic_cpp/demo_talker_str" to ""
[14.921s] -- Installing: /home/lich/ROS2/ros2_learning_plumbing/install/topic_cpp/lib/topic_cpp/demo_listener_str
[14.928s] -- Set runtime path of "/home/lich/ROS2/ros2_learning_plumbing/install/topic_cpp/lib/topic_cpp/demo_listener_str" to ""
[14.928s] -- Up-to-date: /home/lich/ROS2/ros2_learning_plumbing/install/topic_cpp/share/ament_index/resource_index/package_run_dependencies/topic_cpp
[14.928s] -- Installing: /home/lich/ROS2/ros2_learning_plumbing/install/topic_cpp/share/ament_index/resource_index/parent_prefix_path/topic_cpp
[14.928s] -- Up-to-date: /home/lich/ROS2/ros2_learning_plumbing/install/topic_cpp/share/topic_cpp/environment/ament_prefix_path.sh
[14.928s] -- Installing: /home/lich/ROS2/ros2_learning_plumbing/install/topic_cpp/share/topic_cpp/environment/ament_prefix_path.dsv
[14.929s] -- Up-to-date: /home/lich/ROS2/ros2_learning_plumbing/install/topic_cpp/share/topic_cpp/environment/path.sh
[14.929s] -- Installing: /home/lich/ROS2/ros2_learning_plumbing/install/topic_cpp/share/topic_cpp/environment/path.dsv
[14.929s] -- Up-to-date: /home/lich/ROS2/ros2_learning_plumbing/install/topic_cpp/share/topic_cpp/local_setup.bash
[14.929s] -- Up-to-date: /home/lich/ROS2/ros2_learning_plumbing/install/topic_cpp/share/topic_cpp/local_setup.sh
[14.929s] -- Up-to-date: /home/lich/ROS2/ros2_learning_plumbing/install/topic_cpp/share/topic_cpp/local_setup.zsh
[14.929s] -- Installing: /home/lich/ROS2/ros2_learning_plumbing/install/topic_cpp/share/topic_cpp/local_setup.dsv
[14.930s] -- Installing: /home/lich/ROS2/ros2_learning_plumbing/install/topic_cpp/share/topic_cpp/package.dsv
[14.930s] -- Up-to-date: /home/lich/ROS2/ros2_learning_plumbing/install/topic_cpp/share/ament_index/resource_index/packages/topic_cpp
[14.930s] -- Up-to-date: /home/lich/ROS2/ros2_learning_plumbing/install/topic_cpp/share/topic_cpp/cmake/topic_cppConfig.cmake
[14.930s] -- Up-to-date: /home/lich/ROS2/ros2_learning_plumbing/install/topic_cpp/share/topic_cpp/cmake/topic_cppConfig-version.cmake
[14.930s] -- Up-to-date: /home/lich/ROS2/ros2_learning_plumbing/install/topic_cpp/share/topic_cpp/package.xml
[14.934s] Invoked command in '/home/lich/ROS2/ros2_learning_plumbing/build/topic_cpp' returned '0': CMAKE_PREFIX_PATH=/home/lich/ROS2/ros2_learning_plumbing/install/base_interfaces_demo:/home/lich/ROS2/ros2_learning_plumbing/install/topic_cpp:/home/lich/ROS2/ros2_learning_plumbing/install/topic_py:/opt/ros/humble /usr/bin/cmake --install /home/lich/ROS2/ros2_learning_plumbing/build/topic_cpp
