[0.015s] Invoking command in '/home/lich/ROS2/ros2_learning_plumbing/build/topic_cpp': AMENT_PREFIX_PATH=/home/lich/ROS2/ros2_learning_plumbing/install/base_interfaces_demo:${AMENT_PREFIX_PATH} CMAKE_PREFIX_PATH=/home/lich/ROS2/ros2_learning_plumbing/install/base_interfaces_demo:/opt/ros/humble /usr/bin/cmake /home/lich/ROS2/ros2_learning_plumbing/src/topic_cpp -DCMAKE_INSTALL_PREFIX=/home/lich/ROS2/ros2_learning_plumbing/install/topic_cpp
[0.122s] -- The C compiler identification is GNU 11.4.0
[0.210s] -- The CXX compiler identification is GNU 11.4.0
[0.221s] -- Detecting C compiler ABI info
[0.329s] -- Detecting C compiler ABI info - done
[0.337s] -- Check for working C compiler: /usr/bin/cc - skipped
[0.338s] -- Detecting C compile features
[0.338s] -- Detecting C compile features - done
[0.343s] -- Detecting CXX compiler ABI info
[0.482s] -- Detecting CXX compiler ABI info - done
[0.490s] -- Check for working CXX compiler: /usr/bin/c++ - skipped
[0.491s] -- Detecting CXX compile features
[0.491s] -- Detecting CXX compile features - done
[0.494s] -- Found ament_cmake: 1.3.14 (/opt/ros/humble/share/ament_cmake/cmake)
[0.679s] -- Found Python3: /usr/bin/python3 (found version "3.10.12") found components: Interpreter 
[0.796s] -- Found rclcpp: 16.0.21 (/opt/ros/humble/share/rclcpp/cmake)
[0.851s] -- Found rosidl_generator_c: 3.1.9 (/opt/ros/humble/share/rosidl_generator_c/cmake)
[0.858s] -- Found rosidl_adapter: 3.1.9 (/opt/ros/humble/share/rosidl_adapter/cmake)
[0.868s] -- Found rosidl_generator_cpp: 3.1.9 (/opt/ros/humble/share/rosidl_generator_cpp/cmake)
[0.881s] -- Using all available rosidl_typesupport_c: rosidl_typesupport_fastrtps_c;rosidl_typesupport_introspection_c
[0.899s] -- Using all available rosidl_typesupport_cpp: rosidl_typesupport_fastrtps_cpp;rosidl_typesupport_introspection_cpp
[0.951s] -- Found rmw_implementation_cmake: 6.1.4 (/opt/ros/humble/share/rmw_implementation_cmake/cmake)
[0.954s] -- Found rmw_fastrtps_cpp: 6.2.10 (/opt/ros/humble/share/rmw_fastrtps_cpp/cmake)
[1.093s] -- Found OpenSSL: /usr/lib/x86_64-linux-gnu/libcrypto.so (found version "3.0.2")  
[1.136s] -- Found FastRTPS: /opt/ros/humble/include  
[1.196s] -- Using RMW implementation 'rmw_fastrtps_cpp' as default
[1.209s] -- Looking for pthread.h
[1.363s] -- Looking for pthread.h - found
[1.364s] -- Performing Test CMAKE_HAVE_LIBC_PTHREAD
[1.491s] -- Performing Test CMAKE_HAVE_LIBC_PTHREAD - Success
[1.492s] -- Found Threads: TRUE  
[1.554s] -- Found base_interfaces_demo: 0.0.0 (/home/lich/ROS2/ros2_learning_plumbing/install/base_interfaces_demo/share/base_interfaces_demo/cmake)
[1.556s] -- Found ament_lint_auto: 0.12.15 (/opt/ros/humble/share/ament_lint_auto/cmake)
[1.658s] -- Added test 'cppcheck' to perform static code analysis on C / C++ code
[1.658s] -- Configured cppcheck include dirs: 
[1.658s] -- Configured cppcheck exclude dirs and/or files: 
[1.659s] -- Added test 'lint_cmake' to check CMake code style
[1.661s] -- Added test 'uncrustify' to check C / C++ code style
[1.661s] -- Configured uncrustify additional arguments: 
[1.661s] -- Added test 'xmllint' to check XML markup files
[1.664s] -- Configuring done
[1.683s] -- Generating done
[1.690s] -- Build files have been written to: /home/lich/ROS2/ros2_learning_plumbing/build/topic_cpp
[1.715s] Invoked command in '/home/lich/ROS2/ros2_learning_plumbing/build/topic_cpp' returned '0': AMENT_PREFIX_PATH=/home/lich/ROS2/ros2_learning_plumbing/install/base_interfaces_demo:${AMENT_PREFIX_PATH} CMAKE_PREFIX_PATH=/home/lich/ROS2/ros2_learning_plumbing/install/base_interfaces_demo:/opt/ros/humble /usr/bin/cmake /home/lich/ROS2/ros2_learning_plumbing/src/topic_cpp -DCMAKE_INSTALL_PREFIX=/home/lich/ROS2/ros2_learning_plumbing/install/topic_cpp
[1.716s] Invoking command in '/home/lich/ROS2/ros2_learning_plumbing/build/topic_cpp': AMENT_PREFIX_PATH=/home/lich/ROS2/ros2_learning_plumbing/install/base_interfaces_demo:${AMENT_PREFIX_PATH} CMAKE_PREFIX_PATH=/home/lich/ROS2/ros2_learning_plumbing/install/base_interfaces_demo:/opt/ros/humble /usr/bin/cmake --build /home/lich/ROS2/ros2_learning_plumbing/build/topic_cpp -- -j6 -l6
[1.811s] [ 50%] [32mBuilding CXX object CMakeFiles/demo_talker_str.dir/src/demo_talker_str.cpp.o[0m
[9.498s] [100%] [32m[1mLinking CXX executable demo_talker_str[0m
[9.857s] [100%] Built target demo_talker_str
[9.873s] Invoked command in '/home/lich/ROS2/ros2_learning_plumbing/build/topic_cpp' returned '0': AMENT_PREFIX_PATH=/home/lich/ROS2/ros2_learning_plumbing/install/base_interfaces_demo:${AMENT_PREFIX_PATH} CMAKE_PREFIX_PATH=/home/lich/ROS2/ros2_learning_plumbing/install/base_interfaces_demo:/opt/ros/humble /usr/bin/cmake --build /home/lich/ROS2/ros2_learning_plumbing/build/topic_cpp -- -j6 -l6
[9.877s] Invoking command in '/home/lich/ROS2/ros2_learning_plumbing/build/topic_cpp': AMENT_PREFIX_PATH=/home/lich/ROS2/ros2_learning_plumbing/install/base_interfaces_demo:${AMENT_PREFIX_PATH} CMAKE_PREFIX_PATH=/home/lich/ROS2/ros2_learning_plumbing/install/base_interfaces_demo:/opt/ros/humble /usr/bin/cmake --install /home/lich/ROS2/ros2_learning_plumbing/build/topic_cpp
[9.886s] -- Install configuration: ""
[9.887s] -- Installing: /home/lich/ROS2/ros2_learning_plumbing/install/topic_cpp/lib/topic_cpp/demo_talker_str
[9.889s] -- Set runtime path of "/home/lich/ROS2/ros2_learning_plumbing/install/topic_cpp/lib/topic_cpp/demo_talker_str" to ""
[9.890s] -- Installing: /home/lich/ROS2/ros2_learning_plumbing/install/topic_cpp/share/ament_index/resource_index/package_run_dependencies/topic_cpp
[9.891s] -- Installing: /home/lich/ROS2/ros2_learning_plumbing/install/topic_cpp/share/ament_index/resource_index/parent_prefix_path/topic_cpp
[9.892s] -- Installing: /home/lich/ROS2/ros2_learning_plumbing/install/topic_cpp/share/topic_cpp/environment/ament_prefix_path.sh
[9.892s] -- Installing: /home/lich/ROS2/ros2_learning_plumbing/install/topic_cpp/share/topic_cpp/environment/ament_prefix_path.dsv
[9.893s] -- Installing: /home/lich/ROS2/ros2_learning_plumbing/install/topic_cpp/share/topic_cpp/environment/path.sh
[9.893s] -- Installing: /home/lich/ROS2/ros2_learning_plumbing/install/topic_cpp/share/topic_cpp/environment/path.dsv
[9.893s] -- Installing: /home/lich/ROS2/ros2_learning_plumbing/install/topic_cpp/share/topic_cpp/local_setup.bash
[9.894s] -- Installing: /home/lich/ROS2/ros2_learning_plumbing/install/topic_cpp/share/topic_cpp/local_setup.sh
[9.894s] -- Installing: /home/lich/ROS2/ros2_learning_plumbing/install/topic_cpp/share/topic_cpp/local_setup.zsh
[9.894s] -- Installing: /home/lich/ROS2/ros2_learning_plumbing/install/topic_cpp/share/topic_cpp/local_setup.dsv
[9.895s] -- Installing: /home/lich/ROS2/ros2_learning_plumbing/install/topic_cpp/share/topic_cpp/package.dsv
[9.896s] -- Installing: /home/lich/ROS2/ros2_learning_plumbing/install/topic_cpp/share/ament_index/resource_index/packages/topic_cpp
[9.896s] -- Installing: /home/lich/ROS2/ros2_learning_plumbing/install/topic_cpp/share/topic_cpp/cmake/topic_cppConfig.cmake
[9.897s] -- Installing: /home/lich/ROS2/ros2_learning_plumbing/install/topic_cpp/share/topic_cpp/cmake/topic_cppConfig-version.cmake
[9.897s] -- Installing: /home/lich/ROS2/ros2_learning_plumbing/install/topic_cpp/share/topic_cpp/package.xml
[9.902s] Invoked command in '/home/lich/ROS2/ros2_learning_plumbing/build/topic_cpp' returned '0': AMENT_PREFIX_PATH=/home/lich/ROS2/ros2_learning_plumbing/install/base_interfaces_demo:${AMENT_PREFIX_PATH} CMAKE_PREFIX_PATH=/home/lich/ROS2/ros2_learning_plumbing/install/base_interfaces_demo:/opt/ros/humble /usr/bin/cmake --install /home/lich/ROS2/ros2_learning_plumbing/build/topic_cpp
