[0.023s] Invoking command in '/home/lich/ROS2/ros2_learning_plumbing/build/base_interfaces_demo': CMAKE_PREFIX_PATH=${CMAKE_PREFIX_PATH}:/home/lich/ROS2/ros2_learning_plumbing/install/topic_py:/opt/ros/humble /usr/bin/cmake --build /home/lich/ROS2/ros2_learning_plumbing/build/base_interfaces_demo -- -j6 -l6
[0.090s] Invoked command in '/home/lich/ROS2/ros2_learning_plumbing/build/base_interfaces_demo' returned '0': CMAKE_PREFIX_PATH=${CMAKE_PREFIX_PATH}:/home/lich/ROS2/ros2_learning_plumbing/install/topic_py:/opt/ros/humble /usr/bin/cmake --build /home/lich/ROS2/ros2_learning_plumbing/build/base_interfaces_demo -- -j6 -l6
[0.109s] Invoking command in '/home/lich/ROS2/ros2_learning_plumbing/build/base_interfaces_demo': CMAKE_PREFIX_PATH=${CMAKE_PREFIX_PATH}:/home/lich/ROS2/ros2_learning_plumbing/install/topic_py:/opt/ros/humble /usr/bin/cmake --install /home/lich/ROS2/ros2_learning_plumbing/build/base_interfaces_demo
[0.128s] -- Install configuration: ""
[0.129s] -- Up-to-date: /home/lich/ROS2/ros2_learning_plumbing/install/base_interfaces_demo/share/ament_index/resource_index/package_run_dependencies/base_interfaces_demo
[0.129s] -- Up-to-date: /home/lich/ROS2/ros2_learning_plumbing/install/base_interfaces_demo/share/ament_index/resource_index/parent_prefix_path/base_interfaces_demo
[0.129s] -- Up-to-date: /home/lich/ROS2/ros2_learning_plumbing/install/base_interfaces_demo/share/base_interfaces_demo/environment/ament_prefix_path.sh
[0.129s] -- Up-to-date: /home/lich/ROS2/ros2_learning_plumbing/install/base_interfaces_demo/share/base_interfaces_demo/environment/ament_prefix_path.dsv
[0.130s] -- Up-to-date: /home/lich/ROS2/ros2_learning_plumbing/install/base_interfaces_demo/share/base_interfaces_demo/environment/path.sh
[0.130s] -- Up-to-date: /home/lich/ROS2/ros2_learning_plumbing/install/base_interfaces_demo/share/base_interfaces_demo/environment/path.dsv
[0.131s] -- Up-to-date: /home/lich/ROS2/ros2_learning_plumbing/install/base_interfaces_demo/share/base_interfaces_demo/local_setup.bash
[0.131s] -- Up-to-date: /home/lich/ROS2/ros2_learning_plumbing/install/base_interfaces_demo/share/base_interfaces_demo/local_setup.sh
[0.131s] -- Up-to-date: /home/lich/ROS2/ros2_learning_plumbing/install/base_interfaces_demo/share/base_interfaces_demo/local_setup.zsh
[0.131s] -- Up-to-date: /home/lich/ROS2/ros2_learning_plumbing/install/base_interfaces_demo/share/base_interfaces_demo/local_setup.dsv
[0.131s] -- Up-to-date: /home/lich/ROS2/ros2_learning_plumbing/install/base_interfaces_demo/share/base_interfaces_demo/package.dsv
[0.131s] -- Up-to-date: /home/lich/ROS2/ros2_learning_plumbing/install/base_interfaces_demo/share/ament_index/resource_index/packages/base_interfaces_demo
[0.131s] -- Up-to-date: /home/lich/ROS2/ros2_learning_plumbing/install/base_interfaces_demo/share/base_interfaces_demo/cmake/base_interfaces_demoConfig.cmake
[0.132s] -- Up-to-date: /home/lich/ROS2/ros2_learning_plumbing/install/base_interfaces_demo/share/base_interfaces_demo/cmake/base_interfaces_demoConfig-version.cmake
[0.133s] -- Up-to-date: /home/lich/ROS2/ros2_learning_plumbing/install/base_interfaces_demo/share/base_interfaces_demo/package.xml
[0.135s] Invoked command in '/home/lich/ROS2/ros2_learning_plumbing/build/base_interfaces_demo' returned '0': CMAKE_PREFIX_PATH=${CMAKE_PREFIX_PATH}:/home/lich/ROS2/ros2_learning_plumbing/install/topic_py:/opt/ros/humble /usr/bin/cmake --install /home/lich/ROS2/ros2_learning_plumbing/build/base_interfaces_demo
