running egg_info
creating ../../build/topic_py/topic_py.egg-info
writing ../../build/topic_py/topic_py.egg-info/PKG-INFO
writing dependency_links to ../../build/topic_py/topic_py.egg-info/dependency_links.txt
writing entry points to ../../build/topic_py/topic_py.egg-info/entry_points.txt
writing requirements to ../../build/topic_py/topic_py.egg-info/requires.txt
writing top-level names to ../../build/topic_py/topic_py.egg-info/top_level.txt
writing manifest file '../../build/topic_py/topic_py.egg-info/SOURCES.txt'
reading manifest file '../../build/topic_py/topic_py.egg-info/SOURCES.txt'
writing manifest file '../../build/topic_py/topic_py.egg-info/SOURCES.txt'
running build
running build_py
creating /home/lich/ROS2/ros2_learning_plumbing/build/topic_py/build
creating /home/lich/ROS2/ros2_learning_plumbing/build/topic_py/build/lib
creating /home/lich/ROS2/ros2_learning_plumbing/build/topic_py/build/lib/topic_py
copying topic_py/__init__.py -> /home/lich/ROS2/ros2_learning_plumbing/build/topic_py/build/lib/topic_py
running install
running install_lib
creating /home/lich/ROS2/ros2_learning_plumbing/install/topic_py/lib/python3.10/site-packages/topic_py
copying /home/lich/ROS2/ros2_learning_plumbing/build/topic_py/build/lib/topic_py/__init__.py -> /home/lich/ROS2/ros2_learning_plumbing/install/topic_py/lib/python3.10/site-packages/topic_py
byte-compiling /home/lich/ROS2/ros2_learning_plumbing/install/topic_py/lib/python3.10/site-packages/topic_py/__init__.py to __init__.cpython-310.pyc
running install_data
creating /home/lich/ROS2/ros2_learning_plumbing/install/topic_py/share/ament_index
creating /home/lich/ROS2/ros2_learning_plumbing/install/topic_py/share/ament_index/resource_index
creating /home/lich/ROS2/ros2_learning_plumbing/install/topic_py/share/ament_index/resource_index/packages
copying resource/topic_py -> /home/lich/ROS2/ros2_learning_plumbing/install/topic_py/share/ament_index/resource_index/packages
copying package.xml -> /home/lich/ROS2/ros2_learning_plumbing/install/topic_py/share/topic_py
running install_egg_info
Copying ../../build/topic_py/topic_py.egg-info to /home/lich/ROS2/ros2_learning_plumbing/install/topic_py/lib/python3.10/site-packages/topic_py-0.0.0-py3.10.egg-info
running install_scripts
writing list of installed files to '/home/lich/ROS2/ros2_learning_plumbing/build/topic_py/install.log'
