[0.835s] Invoking command in '/home/lich/ROS2/ros2_learning_plumbing/src/topic_py': AMENT_PREFIX_PATH=/home/lich/ROS2/ros2_learning_plumbing/install/base_interfaces_demo:${AMENT_PREFIX_PATH} CMAKE_PREFIX_PATH=/home/lich/ROS2/ros2_learning_plumbing/install/base_interfaces_demo PYTHONPATH=/home/lich/ROS2/ros2_learning_plumbing/build/topic_py/prefix_override:/usr/lib/python3/dist-packages/colcon_core/task/python/colcon_distutils_commands:/home/lich/ROS2/ros2_learning_plumbing/install/topic_py/lib/python3.10/site-packages:${PYTHONPATH} /usr/bin/python3 -W ignore:setup.py install is deprecated -W ignore:easy_install command is deprecated setup.py egg_info --egg-base ../../build/topic_py build --build-base /home/lich/ROS2/ros2_learning_plumbing/build/topic_py/build install --record /home/lich/ROS2/ros2_learning_plumbing/build/topic_py/install.log --install-scripts $base/lib/topic_py --single-version-externally-managed install_data
[1.122s] running egg_info
[1.123s] creating ../../build/topic_py/topic_py.egg-info
[1.123s] writing ../../build/topic_py/topic_py.egg-info/PKG-INFO
[1.123s] writing dependency_links to ../../build/topic_py/topic_py.egg-info/dependency_links.txt
[1.124s] writing entry points to ../../build/topic_py/topic_py.egg-info/entry_points.txt
[1.124s] writing requirements to ../../build/topic_py/topic_py.egg-info/requires.txt
[1.124s] writing top-level names to ../../build/topic_py/topic_py.egg-info/top_level.txt
[1.125s] writing manifest file '../../build/topic_py/topic_py.egg-info/SOURCES.txt'
[1.127s] reading manifest file '../../build/topic_py/topic_py.egg-info/SOURCES.txt'
[1.128s] writing manifest file '../../build/topic_py/topic_py.egg-info/SOURCES.txt'
[1.128s] running build
[1.129s] running build_py
[1.129s] creating /home/lich/ROS2/ros2_learning_plumbing/build/topic_py/build
[1.129s] creating /home/lich/ROS2/ros2_learning_plumbing/build/topic_py/build/lib
[1.130s] creating /home/lich/ROS2/ros2_learning_plumbing/build/topic_py/build/lib/topic_py
[1.130s] copying topic_py/__init__.py -> /home/lich/ROS2/ros2_learning_plumbing/build/topic_py/build/lib/topic_py
[1.130s] running install
[1.130s] running install_lib
[1.131s] creating /home/lich/ROS2/ros2_learning_plumbing/install/topic_py/lib/python3.10/site-packages/topic_py
[1.131s] copying /home/lich/ROS2/ros2_learning_plumbing/build/topic_py/build/lib/topic_py/__init__.py -> /home/lich/ROS2/ros2_learning_plumbing/install/topic_py/lib/python3.10/site-packages/topic_py
[1.132s] byte-compiling /home/lich/ROS2/ros2_learning_plumbing/install/topic_py/lib/python3.10/site-packages/topic_py/__init__.py to __init__.cpython-310.pyc
[1.133s] running install_data
[1.133s] creating /home/lich/ROS2/ros2_learning_plumbing/install/topic_py/share/ament_index
[1.133s] creating /home/lich/ROS2/ros2_learning_plumbing/install/topic_py/share/ament_index/resource_index
[1.133s] creating /home/lich/ROS2/ros2_learning_plumbing/install/topic_py/share/ament_index/resource_index/packages
[1.134s] copying resource/topic_py -> /home/lich/ROS2/ros2_learning_plumbing/install/topic_py/share/ament_index/resource_index/packages
[1.134s] copying package.xml -> /home/lich/ROS2/ros2_learning_plumbing/install/topic_py/share/topic_py
[1.134s] running install_egg_info
[1.137s] Copying ../../build/topic_py/topic_py.egg-info to /home/lich/ROS2/ros2_learning_plumbing/install/topic_py/lib/python3.10/site-packages/topic_py-0.0.0-py3.10.egg-info
[1.139s] running install_scripts
[1.176s] writing list of installed files to '/home/lich/ROS2/ros2_learning_plumbing/build/topic_py/install.log'
[1.221s] Invoked command in '/home/lich/ROS2/ros2_learning_plumbing/src/topic_py' returned '0': AMENT_PREFIX_PATH=/home/lich/ROS2/ros2_learning_plumbing/install/base_interfaces_demo:${AMENT_PREFIX_PATH} CMAKE_PREFIX_PATH=/home/lich/ROS2/ros2_learning_plumbing/install/base_interfaces_demo PYTHONPATH=/home/lich/ROS2/ros2_learning_plumbing/build/topic_py/prefix_override:/usr/lib/python3/dist-packages/colcon_core/task/python/colcon_distutils_commands:/home/lich/ROS2/ros2_learning_plumbing/install/topic_py/lib/python3.10/site-packages:${PYTHONPATH} /usr/bin/python3 -W ignore:setup.py install is deprecated -W ignore:easy_install command is deprecated setup.py egg_info --egg-base ../../build/topic_py build --build-base /home/lich/ROS2/ros2_learning_plumbing/build/topic_py/build install --record /home/lich/ROS2/ros2_learning_plumbing/build/topic_py/install.log --install-scripts $base/lib/topic_py --single-version-externally-managed install_data
