[0.018s] Invoking command in '/home/lich/ROS2/ros2_learning_plumbing/build/base_interfaces_demo': CMAKE_PREFIX_PATH=/opt/ros/humble /usr/bin/cmake /home/lich/ROS2/ros2_learning_plumbing/src/base_interfaces_demo -DCMAKE_INSTALL_PREFIX=/home/lich/ROS2/ros2_learning_plumbing/install/base_interfaces_demo
[0.307s] -- The C compiler identification is GNU 11.4.0
[0.586s] -- The CXX compiler identification is GNU 11.4.0
[0.606s] -- Detecting C compiler ABI info
[0.721s] -- Detecting C compiler ABI info - done
[0.731s] -- Check for working C compiler: /usr/bin/cc - skipped
[0.732s] -- Detecting C compile features
[0.733s] -- Detecting C compile features - done
[0.739s] -- Detecting CXX compiler ABI info
[0.924s] -- Detecting CXX compiler ABI info - done
[0.935s] -- Check for working CXX compiler: /usr/bin/c++ - skipped
[0.936s] -- Detecting CXX compile features
[0.937s] -- Detecting CXX compile features - done
[0.946s] -- Found ament_cmake: 1.3.14 (/opt/ros/humble/share/ament_cmake/cmake)
[1.179s] -- Found Python3: /usr/bin/python3 (found version "3.10.12") found components: Interpreter 
[1.364s] -- Found rclcpp: 16.0.21 (/opt/ros/humble/share/rclcpp/cmake)
[1.483s] -- Found rosidl_generator_c: 3.1.9 (/opt/ros/humble/share/rosidl_generator_c/cmake)
[1.496s] -- Found rosidl_adapter: 3.1.9 (/opt/ros/humble/share/rosidl_adapter/cmake)
[1.523s] -- Found rosidl_generator_cpp: 3.1.9 (/opt/ros/humble/share/rosidl_generator_cpp/cmake)
[1.558s] -- Using all available rosidl_typesupport_c: rosidl_typesupport_fastrtps_c;rosidl_typesupport_introspection_c
[1.596s] -- Using all available rosidl_typesupport_cpp: rosidl_typesupport_fastrtps_cpp;rosidl_typesupport_introspection_cpp
[1.700s] -- Found rmw_implementation_cmake: 6.1.4 (/opt/ros/humble/share/rmw_implementation_cmake/cmake)
[1.708s] -- Found rmw_fastrtps_cpp: 6.2.10 (/opt/ros/humble/share/rmw_fastrtps_cpp/cmake)
[1.873s] -- Found OpenSSL: /usr/lib/x86_64-linux-gnu/libcrypto.so (found version "3.0.2")  
[1.908s] -- Found FastRTPS: /opt/ros/humble/include  
[1.961s] -- Using RMW implementation 'rmw_fastrtps_cpp' as default
[1.982s] -- Looking for pthread.h
[2.098s] -- Looking for pthread.h - found
[2.099s] -- Performing Test CMAKE_HAVE_LIBC_PTHREAD
[2.241s] -- Performing Test CMAKE_HAVE_LIBC_PTHREAD - Success
[2.243s] -- Found Threads: TRUE  
[2.364s] -- Found ament_lint_auto: 0.12.15 (/opt/ros/humble/share/ament_lint_auto/cmake)
[2.514s] -- Added test 'lint_cmake' to check CMake code style
[2.517s] -- Added test 'xmllint' to check XML markup files
[2.521s] -- Configuring done
[2.532s] -- Generating done
[2.537s] -- Build files have been written to: /home/lich/ROS2/ros2_learning_plumbing/build/base_interfaces_demo
[2.551s] Invoked command in '/home/lich/ROS2/ros2_learning_plumbing/build/base_interfaces_demo' returned '0': CMAKE_PREFIX_PATH=/opt/ros/humble /usr/bin/cmake /home/lich/ROS2/ros2_learning_plumbing/src/base_interfaces_demo -DCMAKE_INSTALL_PREFIX=/home/lich/ROS2/ros2_learning_plumbing/install/base_interfaces_demo
[2.552s] Invoking command in '/home/lich/ROS2/ros2_learning_plumbing/build/base_interfaces_demo': CMAKE_PREFIX_PATH=/opt/ros/humble /usr/bin/cmake --build /home/lich/ROS2/ros2_learning_plumbing/build/base_interfaces_demo -- -j6 -l6
[2.610s] Invoked command in '/home/lich/ROS2/ros2_learning_plumbing/build/base_interfaces_demo' returned '0': CMAKE_PREFIX_PATH=/opt/ros/humble /usr/bin/cmake --build /home/lich/ROS2/ros2_learning_plumbing/build/base_interfaces_demo -- -j6 -l6
[2.626s] Invoking command in '/home/lich/ROS2/ros2_learning_plumbing/build/base_interfaces_demo': CMAKE_PREFIX_PATH=/opt/ros/humble /usr/bin/cmake --install /home/lich/ROS2/ros2_learning_plumbing/build/base_interfaces_demo
[2.637s] -- Install configuration: ""
[2.637s] -- Installing: /home/lich/ROS2/ros2_learning_plumbing/install/base_interfaces_demo/share/ament_index/resource_index/package_run_dependencies/base_interfaces_demo
[2.638s] -- Installing: /home/lich/ROS2/ros2_learning_plumbing/install/base_interfaces_demo/share/ament_index/resource_index/parent_prefix_path/base_interfaces_demo
[2.638s] -- Installing: /home/lich/ROS2/ros2_learning_plumbing/install/base_interfaces_demo/share/base_interfaces_demo/environment/ament_prefix_path.sh
[2.639s] -- Installing: /home/lich/ROS2/ros2_learning_plumbing/install/base_interfaces_demo/share/base_interfaces_demo/environment/ament_prefix_path.dsv
[2.639s] -- Installing: /home/lich/ROS2/ros2_learning_plumbing/install/base_interfaces_demo/share/base_interfaces_demo/environment/path.sh
[2.640s] -- Installing: /home/lich/ROS2/ros2_learning_plumbing/install/base_interfaces_demo/share/base_interfaces_demo/environment/path.dsv
[2.640s] -- Installing: /home/lich/ROS2/ros2_learning_plumbing/install/base_interfaces_demo/share/base_interfaces_demo/local_setup.bash
[2.641s] -- Installing: /home/lich/ROS2/ros2_learning_plumbing/install/base_interfaces_demo/share/base_interfaces_demo/local_setup.sh
[2.641s] -- Installing: /home/lich/ROS2/ros2_learning_plumbing/install/base_interfaces_demo/share/base_interfaces_demo/local_setup.zsh
[2.641s] -- Installing: /home/lich/ROS2/ros2_learning_plumbing/install/base_interfaces_demo/share/base_interfaces_demo/local_setup.dsv
[2.642s] -- Installing: /home/lich/ROS2/ros2_learning_plumbing/install/base_interfaces_demo/share/base_interfaces_demo/package.dsv
[2.642s] -- Installing: /home/lich/ROS2/ros2_learning_plumbing/install/base_interfaces_demo/share/ament_index/resource_index/packages/base_interfaces_demo
[2.642s] -- Installing: /home/lich/ROS2/ros2_learning_plumbing/install/base_interfaces_demo/share/base_interfaces_demo/cmake/base_interfaces_demoConfig.cmake
[2.643s] -- Installing: /home/lich/ROS2/ros2_learning_plumbing/install/base_interfaces_demo/share/base_interfaces_demo/cmake/base_interfaces_demoConfig-version.cmake
[2.643s] -- Installing: /home/lich/ROS2/ros2_learning_plumbing/install/base_interfaces_demo/share/base_interfaces_demo/package.xml
[2.649s] Invoked command in '/home/lich/ROS2/ros2_learning_plumbing/build/base_interfaces_demo' returned '0': CMAKE_PREFIX_PATH=/opt/ros/humble /usr/bin/cmake --install /home/lich/ROS2/ros2_learning_plumbing/build/base_interfaces_demo
